Archive member included to satisfy reference by file (symbol)

lvgl/lib/liblvgl.a(lv_obj.c.obj)
                              CMakeFiles/st7789_pio_lcd_lvgl_sens1.dir/screens/screen_animations_gen.c.obj (lv_obj_create)
lvgl/lib/liblvgl.a(lv_obj_class.c.obj)
                              lvgl/lib/liblvgl.a(lv_obj.c.obj) (lv_obj_class_create_obj)
lvgl/lib/liblvgl.a(lv_obj_draw.c.obj)
                              lvgl/lib/liblvgl.a(lv_obj.c.obj) (lv_obj_init_draw_rect_dsc)
lvgl/lib/liblvgl.a(lv_obj_event.c.obj)
                              lvgl/lib/liblvgl.a(lv_obj.c.obj) (lv_obj_send_event)
lvgl/lib/liblvgl.a(lv_obj_pos.c.obj)
                              CMakeFiles/st7789_pio_lcd_lvgl_sens1.dir/screens/screen_animations_gen.c.obj (lv_obj_set_x)
lvgl/lib/liblvgl.a(lv_obj_scroll.c.obj)
                              lvgl/lib/liblvgl.a(lv_obj.c.obj) (lv_obj_get_scrollbar_mode)
lvgl/lib/liblvgl.a(lv_obj_style.c.obj)
                              lvgl/lib/liblvgl.a(lv_obj.c.obj) (lv_obj_enable_style_refresh)
lvgl/lib/liblvgl.a(lv_obj_style_gen.c.obj)
                              lvgl/lib/liblvgl.a(lv_obj_pos.c.obj) (lv_obj_set_style_width)
lvgl/lib/liblvgl.a(lv_obj_tree.c.obj)
                              lvgl/lib/liblvgl.a(lv_obj.c.obj) (lv_obj_delete)
lvgl/lib/liblvgl.a(lv_refr.c.obj)
                              lvgl/lib/liblvgl.a(lv_obj_pos.c.obj) (lv_inv_area)
lvgl/lib/liblvgl.a(lv_display.c.obj)
                              CMakeFiles/st7789_pio_lcd_lvgl_sens1.dir/main.c.obj (lv_display_create)
lvgl/lib/liblvgl.a(lv_draw.c.obj)
                              lvgl/lib/liblvgl.a(lv_refr.c.obj) (lv_draw_dispatch)
lvgl/lib/liblvgl.a(lv_draw_buf.c.obj)
                              lvgl/lib/liblvgl.a(lv_refr.c.obj) (lv_draw_buf_width_to_stride)
lvgl/lib/liblvgl.a(lv_draw_image.c.obj)
                              lvgl/lib/liblvgl.a(lv_refr.c.obj) (lv_draw_image_dsc_init)
lvgl/lib/liblvgl.a(lv_draw_label.c.obj)
                              lvgl/lib/liblvgl.a(lv_draw.c.obj) (lv_draw_task_get_label_dsc)
lvgl/lib/liblvgl.a(lv_draw_mask.c.obj)
                              lvgl/lib/liblvgl.a(lv_refr.c.obj) (lv_draw_mask_rect_dsc_init)
lvgl/lib/liblvgl.a(lv_draw_rect.c.obj)
                              lvgl/lib/liblvgl.a(lv_obj.c.obj) (lv_draw_rect_dsc_init)
lvgl/lib/liblvgl.a(lv_image_decoder.c.obj)
                              lvgl/lib/liblvgl.a(lv_draw_image.c.obj) (lv_image_decoder_get_info)
lvgl/lib/liblvgl.a(lv_draw_sw_mask.c.obj)
                              lvgl/lib/liblvgl.a(lv_refr.c.obj) (lv_draw_sw_mask_cleanup)
lvgl/lib/liblvgl.a(lv_font.c.obj)
                              lvgl/lib/liblvgl.a(lv_draw_label.c.obj) (lv_font_get_glyph_bitmap)
lvgl/lib/liblvgl.a(lv_font_montserrat_14.c.obj)
                              lvgl/lib/liblvgl.a(lv_display.c.obj) (lv_font_montserrat_14)
lvgl/lib/liblvgl.a(lv_indev.c.obj)
                              CMakeFiles/st7789_pio_lcd_lvgl_sens1.dir/main.c.obj (lv_indev_create)
lvgl/lib/liblvgl.a(lv_indev_scroll.c.obj)
                              lvgl/lib/liblvgl.a(lv_indev.c.obj) (lv_indev_scroll_throw_handler)
lvgl/lib/liblvgl.a(lv_flex.c.obj)
                              CMakeFiles/st7789_pio_lcd_lvgl_sens1.dir/components/list/list_gen.c.obj (lv_obj_set_flex_flow)
lvgl/lib/liblvgl.a(lv_layout.c.obj)
                              lvgl/lib/liblvgl.a(lv_obj_pos.c.obj) (lv_layout_apply)
lvgl/lib/liblvgl.a(lv_init.c.obj)
                              lvgl/lib/liblvgl.a(lv_obj_pos.c.obj) (lv_global)
lvgl/lib/liblvgl.a(lv_image_cache.c.obj)
                              lvgl/lib/liblvgl.a(lv_image_decoder.c.obj) (lv_image_cache_init)
lvgl/lib/liblvgl.a(lv_image_header_cache.c.obj)
                              lvgl/lib/liblvgl.a(lv_image_decoder.c.obj) (lv_image_header_cache_init)
lvgl/lib/liblvgl.a(lv_cache.c.obj)
                              lvgl/lib/liblvgl.a(lv_image_cache.c.obj) (lv_cache_create)
lvgl/lib/liblvgl.a(lv_cache_entry.c.obj)
                              lvgl/lib/liblvgl.a(lv_cache.c.obj) (lv_cache_entry_get_ref)
lvgl/lib/liblvgl.a(lv_anim.c.obj)
                              lvgl/lib/liblvgl.a(lv_init.c.obj) (lv_anim_core_init)
lvgl/lib/liblvgl.a(lv_anim_timeline.c.obj)
                              CMakeFiles/st7789_pio_lcd_lvgl_sens1.dir/screens/screen_animations_gen.c.obj (lv_anim_timeline_create)
lvgl/lib/liblvgl.a(lv_area.c.obj)
                              lvgl/lib/liblvgl.a(lv_obj_scroll.c.obj) (lv_area_set)
lvgl/lib/liblvgl.a(lv_async.c.obj)
                              lvgl/lib/liblvgl.a(lv_obj_tree.c.obj) (lv_async_call)
lvgl/lib/liblvgl.a(lv_color.c.obj)
                              lvgl/lib/liblvgl.a(lv_draw_buf.c.obj) (lv_color_format_get_bpp)
lvgl/lib/liblvgl.a(lv_color_op.c.obj)
                              lvgl/lib/liblvgl.a(lv_obj_draw.c.obj) (lv_color_mix)
lvgl/lib/liblvgl.a(lv_event.c.obj)
[...]
Memory Configuration

Name             Origin             Length             Attributes
FLASH            0x10000000         0x00200000         xr
RAM              0x20000000         0x00040000         xrw
SCRATCH_X        0x20040000         0x00001000         xrw
SCRATCH_Y        0x20041000         0x00001000         xrw
*default*        0x00000000         0xffffffff

Linker script and memory map

LOAD C:/Users/saopa/.pico-sdk/toolchain/14_2_Rel1/bin/../lib/gcc/arm-none-eabi/14.2.1/thumb/v6-m/nofp/crti.o
LOAD C:/Users/saopa/.pico-sdk/toolchain/14_2_Rel1/bin/../lib/gcc/arm-none-eabi/14.2.1/thumb/v6-m/nofp/crtbegin.o
LOAD C:/Users/saopa/.pico-sdk/toolchain/14_2_Rel1/bin/../lib/gcc/arm-none-eabi/14.2.1/thumb/v6-m/nofp/crt0.o

.flash_begin    0x10000000        0x0
                0x10000000                        __flash_binary_start = .

.boot2          0x10000000      0x100
                0x10000000                        __boot2_start__ = .
 *(.boot2)
 .boot2         0x10000000      0x100 pico-sdk/src/rp2040/boot_stage2/CMakeFiles/bs2_default_library.dir/./bs2_default_padded_checksummed.S.obj
                0x10000100                        __boot2_end__ = .
                0x00000001                        ASSERT (((__boot2_end__ - __boot2_start__) == 0x100), ERROR: Pico second stage bootloader must be 256 bytes in size)

.text           0x10000100    0x75bbc
                0x10000100                        __logical_binary_start = .
 *(.vectors)
 .vectors       0x10000100       0xd4 CMakeFiles/st7789_pio_lcd_lvgl_sens1.dir/C_/Users/saopa/.pico-sdk/sdk/2.1.1/src/rp2_common/pico_crt0/crt0.S.obj
                0x10000100                __VECTOR_TABLE
                0x10000100                __vectors
                0x100001c0                __default_isrs_start
                0x100001c0                isr_invalid
                0x100001c2                isr_nmi
                0x100001c4                isr_hardfault
                0x100001c6                isr_svcall
                0x100001c8                isr_pendsv
                0x100001ca                isr_systick
                0x100001cc                __default_isrs_end
                0x100001cc                isr_irq31
                0x100001cc                isr_irq30
                0x100001cc                isr_irq27
                0x100001cc                isr_irq1
                0x100001cc                isr_irq28
                0x100001cc                isr_irq29
                0x100001cc                isr_irq26
                0x100001cc                isr_irq25
                0x100001cc                isr_irq20
                0x100001cc                isr_irq22
                0x100001cc                isr_irq21
                0x100001cc                isr_irq0
                0x100001cc                isr_irq3
                0x100001cc                isr_irq23
                0x100001cc                isr_irq2
                0x100001cc                isr_irq7
                0x100001cc                isr_irq19
                0x100001cc                isr_irq5
                0x100001cc                isr_irq14
                0x100001cc                isr_irq13
                0x100001cc                isr_irq16
                0x100001cc                isr_irq18
                0x100001cc                isr_irq15
                0x100001cc                isr_irq17
                0x100001cc                isr_irq12
                0x100001cc                isr_irq10
                0x100001cc                isr_irq11
                0x100001cc                isr_irq4
                0x100001cc                __unhandled_user_irq
                0x100001cc                isr_irq8
                0x100001cc                isr_irq9
                0x100001cc                isr_irq6
                0x100001cc                isr_irq24
                0x100001d2                unhandled_user_irq_num_in_r0
 *(.binary_info_header)
 .binary_info_header
                0x100001d4       0x14 CMakeFiles/st7789_pio_lcd_lvgl_sens1.dir/C_/Users/saopa/.pico-sdk/sdk/2.1.1/src/rp2_common/pico_crt0/crt0.S.obj
                0x100001e8                        __binary_info_header_end = .
 *(.embedded_block)
                0x100001e8                        __embedded_block_end = .
 *(.reset)
 .reset         0x100001e8       0x9c CMakeFiles/st7789_pio_lcd_lvgl_sens1.dir/C_/Users/saopa/.pico-sdk/sdk/2.1.1/src/rp2_common/pico_crt0/crt0.S.obj
                0x100001e8                _entry_point
 *(.init)
 .init          0x10000284        0x4 C:/Users/saopa/.pico-sdk/toolchain/14_2_Rel1/bin/../lib/gcc/arm-none-eabi/14.2.1/thumb/v6-m/nofp/crti.o
                0x10000284                _init
 *(EXCLUDE_FILE(*libm.a: *libc.a:*lib_a-mem*.o *libgcc.a:) .text*)
 .text.register_tm_clones
                0x10000288       0x28 C:/Users/saopa/.pico-sdk/toolchain/14_2_Rel1/bin/../lib/gcc/arm-none-eabi/14.2.1/thumb/v6-m/nofp/crtbegin.o
 .text.frame_dummy
                0x100002b0       0x24 C:/Users/saopa/.pico-sdk/toolchain/14_2_Rel1/bin/../lib/gcc/arm-none-eabi/14.2.1/thumb/v6-m/nofp/crtbegin.o
 .text.get_milliseconds_since_boot
                0x100002d4       0x48 CMakeFiles/st7789_pio_lcd_lvgl_sens1.dir/main.c.obj
                0x100002d4                get_milliseconds_since_boot
 .text.my_flush_cb
                0x1000031c       0xb0 CMakeFiles/st7789_pio_lcd_lvgl_sens1.dir/main.c.obj
                0x1000031c                my_flush_cb
 .text.touch_driver_read
                0x100003cc       0x38 CMakeFiles/st7789_pio_lcd_lvgl_sens1.dir/main.c.obj
 .text.lv_port_display_init
                0x10000404       0x64 CMakeFiles/st7789_pio_lcd_lvgl_sens1.dir/main.c.obj
                0x10000404                lv_port_display_init
 .text.startup.main
                0x10000468      0x210 CMakeFiles/st7789_pio_lcd_lvgl_sens1.dir/main.c.obj
                0x10000468                main
 .text.lcd_init
                0x10000678      0x118 CMakeFiles/st7789_pio_lcd_lvgl_sens1.dir/st7789_lcd_pio.c.obj
                0x10000678                lcd_init
 .text.lcd_set_window
                0x10000790      0x1ec CMakeFiles/st7789_pio_lcd_lvgl_sens1.dir/st7789_lcd_pio.c.obj
                0x10000790                lcd_set_window
 .text.ft6336u_init
                0x1000097c       0xd0 CMakeFiles/st7789_pio_lcd_lvgl_sens1.dir/ft6336u.c.obj
                0x1000097c                ft6336u_init
 .text.ft6336u_read_touch_points
                0x10000a4c      0x114 CMakeFiles/st7789_pio_lcd_lvgl_sens1.dir/ft6336u.c.obj
                0x10000a4c                ft6336u_read_touch_points
 .text.ui_animations_init
                0x10000b60        0x8 CMakeFiles/st7789_pio_lcd_lvgl_sens1.dir/ui_animations.c.obj
                0x10000b60                ui_animations_init
 .text.ui_animations_init_gen
                0x10000b68       0x30 CMakeFiles/st7789_pio_lcd_lvgl_sens1.dir/ui_animations_gen.c.obj
                0x10000b68                ui_animations_init_gen
 .text.free_timeline_event_cb
                0x10000b98       0x18 CMakeFiles/st7789_pio_lcd_lvgl_sens1.dir/screens/screen_animations_gen.c.obj
 .text.screen_animations_create
                0x10000bb0      0x134 CMakeFiles/st7789_pio_lcd_lvgl_sens1.dir/screens/screen_animations_gen.c.obj
                0x10000bb0                screen_animations_create
 .text.free_timeline_event_cb
                0x10000ce4       0x18 CMakeFiles/st7789_pio_lcd_lvgl_sens1.dir/components/buttons/button_normal_gen.c.obj
 .text.int_anim_exec_cb
                0x10000cfc       0x20 CMakeFiles/st7789_pio_lcd_lvgl_sens1.dir/components/buttons/button_normal_gen.c.obj
 .text.button_normal_create
                0x10000d1c      0x1f0 CMakeFiles/st7789_pio_lcd_lvgl_sens1.dir/components/buttons/button_normal_gen.c.obj
                0x10000d1c                button_normal_create
 .text.button_normal_get_timeline
                0x10000f0c       0x14 CMakeFiles/st7789_pio_lcd_lvgl_sens1.dir/components/buttons/button_normal_gen.c.obj
                0x10000f0c                button_normal_get_timeline
 .text.free_timeline_event_cb
                0x10000f20       0x18 CMakeFiles/st7789_pio_lcd_lvgl_sens1.dir/components/buttons/button_show_numpad_gen.c.obj
 .text.int_anim_exec_cb
                0x10000f38       0x20 CMakeFiles/st7789_pio_lcd_lvgl_sens1.dir/components/buttons/button_show_numpad_gen.c.obj
 .text.button_show_numpad_create
                0x10000f58      0x268 CMakeFiles/st7789_pio_lcd_lvgl_sens1.dir/components/buttons/button_show_numpad_gen.c.obj
                0x10000f58                button_show_numpad_create
 .text.button_show_numpad_get_timeline
                0x100011c0       0x14 CMakeFiles/st7789_pio_lcd_lvgl_sens1.dir/components/buttons/button_show_numpad_gen.c.obj
                0x100011c0                button_show_numpad_get_timeline
 .text.enter_button_event_handler
                0x100011d4        0x8 CMakeFiles/st7789_pio_lcd_lvgl_sens1.dir/components/list/list_gen.c.obj
 .text.free_timeline_event_cb
                0x100011dc       0x18 CMakeFiles/st7789_pio_lcd_lvgl_sens1.dir/components/list/list_gen.c.obj
 .text.generic_button_event_handler
                0x100011f4       0x30 CMakeFiles/st7789_pio_lcd_lvgl_sens1.dir/components/list/list_gen.c.obj
 .text.int_anim_exec_cb
                0x10001224       0x20 CMakeFiles/st7789_pio_lcd_lvgl_sens1.dir/components/list/list_gen.c.obj
 .text.list_create
                0x10001244      0x560 CMakeFiles/st7789_pio_lcd_lvgl_sens1.dir/components/list/list_gen.c.obj
                0x10001244                list_create
 .text.list_get_timeline
                0x100017a4       0x14 CMakeFiles/st7789_pio_lcd_lvgl_sens1.dir/components/list/list_gen.c.obj
                0x100017a4                list_get_timeline
 .text.gpio_set_function
                0x100017b8       0x34 CMakeFiles/st7789_pio_lcd_lvgl_sens1.dir/C_/Users/saopa/.pico-sdk/sdk/2.1.1/src/rp2_common/hardware_gpio/gpio.c.obj
                0x100017b8                gpio_set_function
 .text.gpio_set_pulls
                0x100017ec       0x28 CMakeFiles/st7789_pio_lcd_lvgl_sens1.dir/C_/Users/saopa/.pico-sdk/sdk/2.1.1/src/rp2_common/hardware_gpio/gpio.c.obj
                0x100017ec                gpio_set_pulls
 .text.gpio_set_input_hysteresis_enabled
                0x10001814       0x28 CMakeFiles/st7789_pio_lcd_lvgl_sens1.dir/C_/Users/saopa/.pico-sdk/sdk/2.1.1/src/rp2_common/hardware_gpio/gpio.c.obj
                0x10001814                gpio_set_input_hysteresis_enabled
 .text.gpio_set_irq_enabled
                0x1000183c       0x58 CMakeFiles/st7789_pio_lcd_lvgl_sens1.dir/C_/Users/saopa/.pico-sdk/sdk/2.1.1/src/rp2_common/hardware_gpio/gpio.c.obj
                0x1000183c                gpio_set_irq_enabled
 .text.gpio_add_raw_irq_handler_with_order_priority_masked
                0x10001894       0x44 CMakeFiles/st7789_pio_lcd_lvgl_sens1.dir/C_/Users/saopa/.pico-sdk/sdk/2.1.1/src/rp2_common/hardware_gpio/gpio.c.obj
                0x10001894                gpio_add_raw_irq_handler_with_order_priority_masked
 .text.gpio_remove_raw_irq_handler_masked
                0x100018d8       0x20 CMakeFiles/st7789_pio_lcd_lvgl_sens1.dir/C_/Users/saopa/.pico-sdk/sdk/2.1.1/src/rp2_common/hardware_gpio/gpio.c.obj
                0x100018d8                gpio_remove_raw_irq_handler_masked
 .text.gpio_init
                0x100018f8       0x40 CMakeFiles/st7789_pio_lcd_lvgl_sens1.dir/C_/Users/saopa/.pico-sdk/sdk/2.1.1/src/rp2_common/hardware_gpio/gpio.c.obj
                0x100018f8                gpio_init
 .text.rp2040_chip_version
                0x10001938        0xc CMakeFiles/st7789_pio_lcd_lvgl_sens1.dir/C_/Users/saopa/.pico-sdk/sdk/2.1.1/src/rp2040/pico_platform/platform.c.obj
                0x10001938                rp2040_chip_version
 .text.panic    0x10001944       0x30 CMakeFiles/st7789_pio_lcd_lvgl_sens1.dir/C_/Users/saopa/.pico-sdk/sdk/2.1.1/src/rp2_common/pico_platform_panic/panic.c.obj
                0x10001944                panic
 .text.hw_claim_lock
                0x10001974       0x18 CMakeFiles/st7789_pio_lcd_lvgl_sens1.dir/C_/Users/saopa/.pico-sdk/sdk/2.1.1/src/common/hardware_claim/claim.c.obj
                0x10001974                hw_claim_lock
 .text.hw_claim_unlock
                0x1000198c       0x14 CMakeFiles/st7789_pio_lcd_lvgl_sens1.dir/C_/Users/saopa/.pico-sdk/sdk/2.1.1/src/common/hardware_claim/claim.c.obj
                0x1000198c                hw_claim_unlock
 .text.hw_claim_or_assert
                0x100019a0       0x44 CMakeFiles/st7789_pio_lcd_lvgl_sens1.dir/C_/Users/saopa/.pico-sdk/sdk/2.1.1/src/common/hardware_claim/claim.c.obj
                0x100019a0                hw_claim_or_assert
 .text.hw_claim_unused_from_range
                0x100019e4       0x88 CMakeFiles/st7789_pio_lcd_lvgl_sens1.dir/C_/Users/saopa/.pico-sdk/sdk/2.1.1/src/common/hardware_claim/claim.c.obj
                0x100019e4                hw_claim_unused_from_range
 .text.hw_claim_clear
                0x10001a6c       0x38 CMakeFiles/st7789_pio_lcd_lvgl_sens1.dir/C_/Users/saopa/.pico-sdk/sdk/2.1.1/src/common/hardware_claim/claim.c.obj
                0x10001a6c                hw_claim_clear
 .text.next_striped_spin_lock_num
                0x10001aa4       0x18 CMakeFiles/st7789_pio_lcd_lvgl_sens1.dir/C_/Users/saopa/.pico-sdk/sdk/2.1.1/src/rp2_common/hardware_sync/sync.c.obj
                0x10001aa4                next_striped_spin_lock_num
 .text.spin_lock_claim_unused
                0x10001abc       0x24 CMakeFiles/st7789_pio_lcd_lvgl_sens1.dir/C_/Users/saopa/.pico-sdk/sdk/2.1.1/src/rp2_common/hardware_sync/sync.c.obj
                0x10001abc                spin_lock_claim_unused
 .text.spin_locks_reset
                0x10001ae0       0x1c CMakeFiles/st7789_pio_lcd_lvgl_sens1.dir/C_/Users/saopa/.pico-sdk/sdk/2.1.1/src/rp2_common/hardware_sync_spin_lock/sync_spin_lock.c.obj
                0x10001ae0                spin_locks_reset
 .text.runtime_init_per_core_irq_priorities
                0x10001afc       0x24 CMakeFiles/st7789_pio_lcd_lvgl_sens1.dir/C_/Users/saopa/.pico-sdk/sdk/2.1.1/src/rp2_common/hardware_irq/irq.c.obj
                0x10001afc                runtime_init_per_core_irq_priorities
 .text.irq_set_enabled
                0x10001b20       0x24 CMakeFiles/st7789_pio_lcd_lvgl_sens1.dir/C_/Users/saopa/.pico-sdk/sdk/2.1.1/src/rp2_common/hardware_irq/irq.c.obj
                0x10001b20                irq_set_enabled
 .text.irq_is_enabled
                0x10001b44       0x18 CMakeFiles/st7789_pio_lcd_lvgl_sens1.dir/C_/Users/saopa/.pico-sdk/sdk/2.1.1/src/rp2_common/hardware_irq/irq.c.obj
                0x10001b44                irq_is_enabled
 .text.irq_set_pending
                0x10001b5c       0x10 CMakeFiles/st7789_pio_lcd_lvgl_sens1.dir/C_/Users/saopa/.pico-sdk/sdk/2.1.1/src/rp2_common/hardware_irq/irq.c.obj
                0x10001b5c                irq_set_pending
 .text.irq_has_shared_handler
                0x10001b6c       0x24 CMakeFiles/st7789_pio_lcd_lvgl_sens1.dir/C_/Users/saopa/.pico-sdk/sdk/2.1.1/src/rp2_common/hardware_irq/irq.c.obj
                0x10001b6c                irq_has_shared_handler
 .text.irq_set_exclusive_handler
                0x10001b90       0x54 CMakeFiles/st7789_pio_lcd_lvgl_sens1.dir/C_/Users/saopa/.pico-sdk/sdk/2.1.1/src/rp2_common/hardware_irq/irq.c.obj
                0x10001b90                irq_set_exclusive_handler
 .text.irq_add_shared_handler
                0x10001be4      0x1f4 CMakeFiles/st7789_pio_lcd_lvgl_sens1.dir/C_/Users/saopa/.pico-sdk/sdk/2.1.1/src/rp2_common/hardware_irq/irq.c.obj
                0x10001be4                irq_add_shared_handler
 .text.irq_remove_handler
                0x10001dd8      0x1d4 CMakeFiles/st7789_pio_lcd_lvgl_sens1.dir/C_/Users/saopa/.pico-sdk/sdk/2.1.1/src/rp2_common/hardware_irq/irq.c.obj
                0x10001dd8                irq_remove_handler
 .text.irq_set_priority
                0x10001fac       0x28 CMakeFiles/st7789_pio_lcd_lvgl_sens1.dir/C_/Users/saopa/.pico-sdk/sdk/2.1.1/src/rp2_common/hardware_irq/irq.c.obj
                0x10001fac                irq_set_priority
 .text.irq_add_tail_to_free_list
                0x10001fd4       0xb4 CMakeFiles/st7789_pio_lcd_lvgl_sens1.dir/C_/Users/saopa/.pico-sdk/sdk/2.1.1/src/rp2_common/hardware_irq/irq.c.obj
                0x10001fd4                irq_add_tail_to_free_list
 .text.user_irq_unclaim
                0x10002088       0x14 CMakeFiles/st7789_pio_lcd_lvgl_sens1.dir/C_/Users/saopa/.pico-sdk/sdk/2.1.1/src/rp2_common/hardware_irq/irq.c.obj
                0x10002088                user_irq_unclaim
 .text.user_irq_claim_unused
                0x1000209c       0x2c CMakeFiles/st7789_pio_lcd_lvgl_sens1.dir/C_/Users/saopa/.pico-sdk/sdk/2.1.1/src/rp2_common/hardware_irq/irq.c.obj
                0x1000209c                user_irq_claim_unused
 .text.sem_init
                0x100020c8       0x20 CMakeFiles/st7789_pio_lcd_lvgl_sens1.dir/C_/Users/saopa/.pico-sdk/sdk/2.1.1/src/common/pico_sync/sem.c.obj
                0x100020c8                sem_init
 .text.lock_init
                0x100020e8       0x10 CMakeFiles/st7789_pio_lcd_lvgl_sens1.dir/C_/Users/saopa/.pico-sdk/sdk/2.1.1/src/common/pico_sync/lock_core.c.obj
                0x100020e8                lock_init
 .text.runtime_init_mutex
                0x100020f8       0x50 CMakeFiles/st7789_pio_lcd_lvgl_sens1.dir/C_/Users/saopa/.pico-sdk/sdk/2.1.1/src/common/pico_sync/mutex.c.obj
                0x100020f8                runtime_init_mutex
 .text.mutex_init
                0x10002148       0x1c CMakeFiles/st7789_pio_lcd_lvgl_sens1.dir/C_/Users/saopa/.pico-sdk/sdk/2.1.1/src/common/pico_sync/mutex.c.obj
                0x10002148                mutex_init
 .text.recursive_mutex_init
                0x10002164       0x1c CMakeFiles/st7789_pio_lcd_lvgl_sens1.dir/C_/Users/saopa/.pico-sdk/sdk/2.1.1/src/common/pico_sync/mutex.c.obj
                0x10002164                recursive_mutex_init
 .text.critical_section_init
                0x10002180       0x1c CMakeFiles/st7789_pio_lcd_lvgl_sens1.dir/C_/Users/saopa/.pico-sdk/sdk/2.1.1/src/common/pico_sync/critical_section.c.obj
                0x10002180                critical_section_init
 .text.critical_section_init_with_lock_num
                0x1000219c       0x14 CMakeFiles/st7789_pio_lcd_lvgl_sens1.dir/C_/Users/saopa/.pico-sdk/sdk/2.1.1/src/common/pico_sync/critical_section.c.obj
                0x1000219c                critical_section_init_with_lock_num
 .text.sleep_until_callback
                0x100021b0       0x30 CMakeFiles/st7789_pio_lcd_lvgl_sens1.dir/C_/Users/saopa/.pico-sdk/sdk/2.1.1/src/common/pico_time/time.c.obj
 .text.alarm_pool_irq_handler
                0x100021e0      0x300 CMakeFiles/st7789_pio_lcd_lvgl_sens1.dir/C_/Users/saopa/.pico-sdk/sdk/2.1.1/src/common/pico_time/time.c.obj
 .text.runtime_init_default_alarm_pool
                0x100024e0       0xdc CMakeFiles/st7789_pio_lcd_lvgl_sens1.dir/C_/Users/saopa/.pico-sdk/sdk/2.1.1/src/common/pico_time/time.c.obj
                0x100024e0                runtime_init_default_alarm_pool
 .text.alarm_pool_get_default
                0x100025bc        0x8 CMakeFiles/st7789_pio_lcd_lvgl_sens1.dir/C_/Users/saopa/.pico-sdk/sdk/2.1.1/src/common/pico_time/time.c.obj
                0x100025bc                alarm_pool_get_default
 .text.alarm_pool_add_alarm_at
                0x100025c4       0xd0 CMakeFiles/st7789_pio_lcd_lvgl_sens1.dir/C_/Users/saopa/.pico-sdk/sdk/2.1.1/src/common/pico_time/time.c.obj
                0x100025c4                alarm_pool_add_alarm_at
 .text.alarm_pool_add_alarm_at_force_in_context
                0x10002694       0xb0 CMakeFiles/st7789_pio_lcd_lvgl_sens1.dir/C_/Users/saopa/.pico-sdk/sdk/2.1.1/src/common/pico_time/time.c.obj
                0x10002694                alarm_pool_add_alarm_at_force_in_context
 .text.alarm_pool_cancel_alarm
                0x10002744       0x74 CMakeFiles/st7789_pio_lcd_lvgl_sens1.dir/C_/Users/saopa/.pico-sdk/sdk/2.1.1/src/common/pico_time/time.c.obj
                0x10002744                alarm_pool_cancel_alarm
 .text.alarm_pool_core_num
                0x100027b8        0x4 CMakeFiles/st7789_pio_lcd_lvgl_sens1.dir/C_/Users/saopa/.pico-sdk/sdk/2.1.1/src/common/pico_time/time.c.obj
                0x100027b8                alarm_pool_core_num
 .text.sleep_until
                0x100027bc       0xd0 CMakeFiles/st7789_pio_lcd_lvgl_sens1.dir/C_/Users/saopa/.pico-sdk/sdk/2.1.1/src/common/pico_time/time.c.obj
                0x100027bc                sleep_until
 .text.sleep_us
                0x1000288c       0xec CMakeFiles/st7789_pio_lcd_lvgl_sens1.dir/C_/Users/saopa/.pico-sdk/sdk/2.1.1/src/common/pico_time/time.c.obj
                0x1000288c                sleep_us
 .text.sleep_ms
                0x10002978       0xfc CMakeFiles/st7789_pio_lcd_lvgl_sens1.dir/C_/Users/saopa/.pico-sdk/sdk/2.1.1/src/common/pico_time/time.c.obj
                0x10002978                sleep_ms
 .text.best_effort_wfe_or_timeout
                0x10002a74      0x10c CMakeFiles/st7789_pio_lcd_lvgl_sens1.dir/C_/Users/saopa/.pico-sdk/sdk/2.1.1/src/common/pico_time/time.c.obj
                0x10002a74                best_effort_wfe_or_timeout
 .text.timer_hardware_alarm_claim
                0x10002b80       0x14 CMakeFiles/st7789_pio_lcd_lvgl_sens1.dir/C_/Users/saopa/.pico-sdk/sdk/2.1.1/src/rp2_common/hardware_timer/timer.c.obj
                0x10002b80                timer_hardware_alarm_claim
 .text.timer_time_us_64
                0x10002b94       0x10 CMakeFiles/st7789_pio_lcd_lvgl_sens1.dir/C_/Users/saopa/.pico-sdk/sdk/2.1.1/src/rp2_common/hardware_timer/timer.c.obj
                0x10002b94                timer_time_us_64
 .text.time_us_64
                0x10002ba4       0x14 CMakeFiles/st7789_pio_lcd_lvgl_sens1.dir/C_/Users/saopa/.pico-sdk/sdk/2.1.1/src/rp2_common/hardware_timer/timer.c.obj
                0x10002ba4                time_us_64
 .text.busy_wait_us
                0x10002bb8       0x68 CMakeFiles/st7789_pio_lcd_lvgl_sens1.dir/C_/Users/saopa/.pico-sdk/sdk/2.1.1/src/rp2_common/hardware_timer/timer.c.obj
                0x10002bb8                busy_wait_us
 .text.busy_wait_until
                0x10002c20       0x20 CMakeFiles/st7789_pio_lcd_lvgl_sens1.dir/C_/Users/saopa/.pico-sdk/sdk/2.1.1/src/rp2_common/hardware_timer/timer.c.obj
                0x10002c20                busy_wait_until
 .text.uart_init
                0x10002c40      0x120 CMakeFiles/st7789_pio_lcd_lvgl_sens1.dir/C_/Users/saopa/.pico-sdk/sdk/2.1.1/src/rp2_common/hardware_uart/uart.c.obj
                0x10002c40                uart_init
 .text.clock_configure_int_divider
                0x10002d60       0xf4 CMakeFiles/st7789_pio_lcd_lvgl_sens1.dir/C_/Users/saopa/.pico-sdk/sdk/2.1.1/src/rp2_common/hardware_clocks/clocks.c.obj
                0x10002d60                clock_configure_int_divider
 .text.clock_configure_undivided
                0x10002e54       0xe8 CMakeFiles/st7789_pio_lcd_lvgl_sens1.dir/C_/Users/saopa/.pico-sdk/sdk/2.1.1/src/rp2_common/hardware_clocks/clocks.c.obj
                0x10002e54                clock_configure_undivided
 .text.clock_get_hz
                0x10002f3c        0xc CMakeFiles/st7789_pio_lcd_lvgl_sens1.dir/C_/Users/saopa/.pico-sdk/sdk/2.1.1/src/rp2_common/hardware_clocks/clocks.c.obj
                0x10002f3c                clock_get_hz
 .text.pll_init
                0x10002f48       0xa4 CMakeFiles/st7789_pio_lcd_lvgl_sens1.dir/C_/Users/saopa/.pico-sdk/sdk/2.1.1/src/rp2_common/hardware_pll/pll.c.obj
                0x10002f48                pll_init
 .text.watchdog_reboot
                0x10002fec       0x9c CMakeFiles/st7789_pio_lcd_lvgl_sens1.dir/C_/Users/saopa/.pico-sdk/sdk/2.1.1/src/rp2_common/hardware_watchdog/watchdog.c.obj
                0x10002fec                watchdog_reboot
 .text.tick_start
                0x10003088       0x10 CMakeFiles/st7789_pio_lcd_lvgl_sens1.dir/C_/Users/saopa/.pico-sdk/sdk/2.1.1/src/rp2_common/hardware_ticks/ticks.c.obj
                0x10003088                tick_start
 .text.rom_func_lookup
                0x10003098       0x10 CMakeFiles/st7789_pio_lcd_lvgl_sens1.dir/C_/Users/saopa/.pico-sdk/sdk/2.1.1/src/rp2_common/pico_bootrom/bootrom.c.obj
                0x10003098                rom_func_lookup
 .text.rom_data_lookup
                0x100030a8       0x10 CMakeFiles/st7789_pio_lcd_lvgl_sens1.dir/C_/Users/saopa/.pico-sdk/sdk/2.1.1/src/rp2_common/pico_bootrom/bootrom.c.obj
                0x100030a8                rom_data_lookup
 .text.rom_funcs_lookup
                0x100030b8       0x44 CMakeFiles/st7789_pio_lcd_lvgl_sens1.dir/C_/Users/saopa/.pico-sdk/sdk/2.1.1/src/rp2_common/pico_bootrom/bootrom.c.obj
                0x100030b8                rom_funcs_lookup
 .text.rom_reset_usb_boot_extra
                0x100030fc       0x24 CMakeFiles/st7789_pio_lcd_lvgl_sens1.dir/C_/Users/saopa/.pico-sdk/sdk/2.1.1/src/rp2_common/pico_bootrom/bootrom.c.obj
                0x100030fc                rom_reset_usb_boot_extra
 .text.xosc_init
                0x10003120       0x28 CMakeFiles/st7789_pio_lcd_lvgl_sens1.dir/C_/Users/saopa/.pico-sdk/sdk/2.1.1/src/rp2_common/hardware_xosc/xosc.c.obj
                0x10003120                xosc_init
 .text.first_per_core_initializer
                0x10003148        0x4 CMakeFiles/st7789_pio_lcd_lvgl_sens1.dir/C_/Users/saopa/.pico-sdk/sdk/2.1.1/src/rp2_common/pico_runtime/runtime.c.obj
 .text.hard_assertion_failure
                0x1000314c        0xc CMakeFiles/st7789_pio_lcd_lvgl_sens1.dir/C_/Users/saopa/.pico-sdk/sdk/2.1.1/src/rp2_common/pico_runtime/runtime.c.obj
                0x1000314c                hard_assertion_failure
 .text.runtime_run_initializers
                0x10003158       0x28 CMakeFiles/st7789_pio_lcd_lvgl_sens1.dir/C_/Users/saopa/.pico-sdk/sdk/2.1.1/src/rp2_common/pico_runtime/runtime.c.obj
                0x10003158                runtime_run_initializers
 .text.runtime_init_early_resets
                0x10003180       0x2c CMakeFiles/st7789_pio_lcd_lvgl_sens1.dir/C_/Users/saopa/.pico-sdk/sdk/2.1.1/src/rp2_common/pico_runtime_init/runtime_init.c.obj
                0x10003180                runtime_init_early_resets
 .text.runtime_init_usb_power_down
                0x100031ac       0x1c CMakeFiles/st7789_pio_lcd_lvgl_sens1.dir/C_/Users/saopa/.pico-sdk/sdk/2.1.1/src/rp2_common/pico_runtime_init/runtime_init.c.obj
                0x100031ac                runtime_init_usb_power_down
 .text.runtime_init_post_clock_resets
                0x100031c8       0x20 CMakeFiles/st7789_pio_lcd_lvgl_sens1.dir/C_/Users/saopa/.pico-sdk/sdk/2.1.1/src/rp2_common/pico_runtime_init/runtime_init.c.obj
                0x100031c8                runtime_init_post_clock_resets
 .text.runtime_init_rp2040_gpio_ie_disable
                0x100031e8       0x14 CMakeFiles/st7789_pio_lcd_lvgl_sens1.dir/C_/Users/saopa/.pico-sdk/sdk/2.1.1/src/rp2_common/pico_runtime_init/runtime_init.c.obj
                0x100031e8                runtime_init_rp2040_gpio_ie_disable
 .text.runtime_init_spin_locks_reset
                0x100031fc        0x8 CMakeFiles/st7789_pio_lcd_lvgl_sens1.dir/C_/Users/saopa/.pico-sdk/sdk/2.1.1/src/rp2_common/pico_runtime_init/runtime_init.c.obj
                0x100031fc                runtime_init_spin_locks_reset
 .text.runtime_init_install_ram_vector_table
                0x10003204       0x1c CMakeFiles/st7789_pio_lcd_lvgl_sens1.dir/C_/Users/saopa/.pico-sdk/sdk/2.1.1/src/rp2_common/pico_runtime_init/runtime_init.c.obj
                0x10003204                runtime_init_install_ram_vector_table
 .text.runtime_init_clocks
                0x10003220       0xd8 CMakeFiles/st7789_pio_lcd_lvgl_sens1.dir/C_/Users/saopa/.pico-sdk/sdk/2.1.1/src/rp2_common/pico_runtime_init/runtime_init_clocks.c.obj
                0x10003220                runtime_init_clocks
 .text          0x100032f8       0x10 CMakeFiles/st7789_pio_lcd_lvgl_sens1.dir/C_/Users/saopa/.pico-sdk/sdk/2.1.1/src/rp2_common/pico_bit_ops/bit_ops_aeabi.S.obj
 .text.clzsi    0x10003308        0xc CMakeFiles/st7789_pio_lcd_lvgl_sens1.dir/C_/Users/saopa/.pico-sdk/sdk/2.1.1/src/rp2_common/pico_bit_ops/bit_ops_aeabi.S.obj
                0x10003308                __wrap___clz
                0x10003308                __wrap___clzsi2
                0x10003308                __wrap___clzl
 .text.ctzsi    0x10003314        0xc CMakeFiles/st7789_pio_lcd_lvgl_sens1.dir/C_/Users/saopa/.pico-sdk/sdk/2.1.1/src/rp2_common/pico_bit_ops/bit_ops_aeabi.S.obj
                0x10003314                __wrap___ctzsi2
 .text.__wrap___aeabi_idiv
                0x10003320       0x50 CMakeFiles/st7789_pio_lcd_lvgl_sens1.dir/C_/Users/saopa/.pico-sdk/sdk/2.1.1/src/rp2_common/pico_divider/divider_hardware.S.obj
                0x10003320                __wrap___aeabi_idiv
                0x10003320                divmod_s32s32
                0x10003320                div_s32s32
                0x10003320                __wrap___aeabi_idivmod
                0x10003328                divmod_s32s32_unsafe
                0x10003354                divmod_s32s32_savestate
 .text.__wrap___aeabi_uidiv
                0x10003370       0x4c CMakeFiles/st7789_pio_lcd_lvgl_sens1.dir/C_/Users/saopa/.pico-sdk/sdk/2.1.1/src/rp2_common/pico_divider/divider_hardware.S.obj
                0x10003370                divmod_u32u32
                0x10003370                __wrap___aeabi_uidivmod
                0x10003370                div_u32u32
                0x10003370                __wrap___aeabi_uidiv
                0x10003378                divmod_u32u32_unsafe
                0x100033a0                divmod_u32u32_savestate
 .text.__wrap___aeabi_ldiv
                0x100033bc      0x424 CMakeFiles/st7789_pio_lcd_lvgl_sens1.dir/C_/Users/saopa/.pico-sdk/sdk/2.1.1/src/rp2_common/pico_divider/divider_hardware.S.obj
                0x100033bc                __wrap___aeabi_ldivmod
                0x100033bc                divmod_s64s64
                0x100033bc                div_s64s64
                0x100033ec                div_u64u64
                0x100033ec                __wrap___aeabi_uldivmod
                0x100033ec                divmod_u64u64
                0x100033fc                divmod_u64u64_savestate
                0x1000341c                divmod_s64s64_unsafe
                0x100034a4                divmod_u64u64_unsafe
 .text.__wrap___aeabi_darithmetic
                0x100037e0       0x60 CMakeFiles/st7789_pio_lcd_lvgl_sens1.dir/C_/Users/saopa/.pico-sdk/sdk/2.1.1/src/rp2_common/pico_double/double_aeabi_rp2040.S.obj
                0x100037e0                __wrap___aeabi_drsub
                0x100037e6                __wrap___aeabi_dsub
                0x100037f0                __wrap___aeabi_dadd
                0x100037fa                __wrap___aeabi_ddiv
                0x1000382e                __wrap___aeabi_dmul
 .text.__wrap___aeabi_cdcmple
                0x10003840       0x6c CMakeFiles/st7789_pio_lcd_lvgl_sens1.dir/C_/Users/saopa/.pico-sdk/sdk/2.1.1/src/rp2_common/pico_double/double_aeabi_rp2040.S.obj
                0x10003840                __wrap___aeabi_cdrcmple
                0x10003850                __wrap___aeabi_cdcmple
                0x10003850                __wrap___aeabi_cdcmpeq
 .text.__wrap___aeabi_dcmplt
                0x100038ac        0xc CMakeFiles/st7789_pio_lcd_lvgl_sens1.dir/C_/Users/saopa/.pico-sdk/sdk/2.1.1/src/rp2_common/pico_double/double_aeabi_rp2040.S.obj
                0x100038ac                __wrap___aeabi_dcmplt
 .text.__wrap___aeabi_dcmple
                0x100038b8       0x10 CMakeFiles/st7789_pio_lcd_lvgl_sens1.dir/C_/Users/saopa/.pico-sdk/sdk/2.1.1/src/rp2_common/pico_double/double_aeabi_rp2040.S.obj
                0x100038b8                __wrap___aeabi_dcmple
 .text.__wrap___aeabi_dcmpge
                0x100038c8       0x10 CMakeFiles/st7789_pio_lcd_lvgl_sens1.dir/C_/Users/saopa/.pico-sdk/sdk/2.1.1/src/rp2_common/pico_double/double_aeabi_rp2040.S.obj
                0x100038c8                __wrap___aeabi_dcmpge
 .text.__wrap___aeabi_dcmpgt
                0x100038d8        0xa CMakeFiles/st7789_pio_lcd_lvgl_sens1.dir/C_/Users/saopa/.pico-sdk/sdk/2.1.1/src/rp2_common/pico_double/double_aeabi_rp2040.S.obj
                0x100038d8                __wrap___aeabi_dcmpgt
 .text.__wrap___aeabi_dcmpun
                0x100038e2       0x18 CMakeFiles/st7789_pio_lcd_lvgl_sens1.dir/C_/Users/saopa/.pico-sdk/sdk/2.1.1/src/rp2_common/pico_double/double_aeabi_rp2040.S.obj
                0x100038e2                __wrap___aeabi_dcmpun
 *fill*         0x100038fa        0x2 
 .text.__wrap___aeabi_i2d
                0x100038fc       0x38 CMakeFiles/st7789_pio_lcd_lvgl_sens1.dir/C_/Users/saopa/.pico-sdk/sdk/2.1.1/src/rp2_common/pico_double/double_aeabi_rp2040.S.obj
                0x100038fc                __wrap___aeabi_ui2d
                0x100038fc                uint2double
                0x10003904                int2double
                0x10003904                __wrap___aeabi_i2d
 .text.__wrap___aeabi_d2iz
                0x10003934       0x48 CMakeFiles/st7789_pio_lcd_lvgl_sens1.dir/C_/Users/saopa/.pico-sdk/sdk/2.1.1/src/rp2_common/pico_double/double_aeabi_rp2040.S.obj
                0x10003934                __wrap___aeabi_d2iz
                0x10003934                double2int_z
 .text.__wrap___aeabi_d2uiz
                0x1000397c       0x10 CMakeFiles/st7789_pio_lcd_lvgl_sens1.dir/C_/Users/saopa/.pico-sdk/sdk/2.1.1/src/rp2_common/pico_double/double_aeabi_rp2040.S.obj
                0x1000397c                double2uint
                0x1000397c                double2uint_z
                0x1000397c                __wrap___aeabi_d2uiz
 .text.missing_double_func_shim
                0x1000398c        0xc CMakeFiles/st7789_pio_lcd_lvgl_sens1.dir/C_/Users/saopa/.pico-sdk/sdk/2.1.1/src/rp2_common/pico_double/double_init_rom_rp2040.c.obj
 .text.__aeabi_double_init
                0x10003998       0xa0 CMakeFiles/st7789_pio_lcd_lvgl_sens1.dir/C_/Users/saopa/.pico-sdk/sdk/2.1.1/src/rp2_common/pico_double/double_init_rom_rp2040.c.obj
                0x10003998                __aeabi_double_init
 .text.double_table_shim_on_use_helper
                0x10003a38       0x2c CMakeFiles/st7789_pio_lcd_lvgl_sens1.dir/C_/Users/saopa/.pico-sdk/sdk/2.1.1/src/rp2_common/pico_double/double_v1_rom_shim_rp2040.S.obj
                0x10003a38                double_table_shim_on_use_helper
 .text.__aeabi_lmul
                0x10003a64       0x32 CMakeFiles/st7789_pio_lcd_lvgl_sens1.dir/C_/Users/saopa/.pico-sdk/sdk/2.1.1/src/rp2_common/pico_int64_ops/pico_int64_ops_aeabi.S.obj
                0x10003a64                __wrap___aeabi_lmul
 *fill*         0x10003a96        0x2 
 .text.missing_float_func_shim
                0x10003a98        0xc CMakeFiles/st7789_pio_lcd_lvgl_sens1.dir/C_/Users/saopa/.pico-sdk/sdk/2.1.1/src/rp2_common/pico_float/float_init_rom_rp2040.c.obj
 .text.__aeabi_float_init
                0x10003aa4       0x5c CMakeFiles/st7789_pio_lcd_lvgl_sens1.dir/C_/Users/saopa/.pico-sdk/sdk/2.1.1/src/rp2_common/pico_float/float_init_rom_rp2040.c.obj
                0x10003aa4                __aeabi_float_init
 .text          0x10003b00       0x10 CMakeFiles/st7789_pio_lcd_lvgl_sens1.dir/C_/Users/saopa/.pico-sdk/sdk/2.1.1/src/rp2_common/pico_mem_ops/mem_ops_aeabi.S.obj
                0x10003b00                __aeabi_mem_init
 .text.memset   0x10003b10        0xc CMakeFiles/st7789_pio_lcd_lvgl_sens1.dir/C_/Users/saopa/.pico-sdk/sdk/2.1.1/src/rp2_common/pico_mem_ops/mem_ops_aeabi.S.obj
                0x10003b10                __wrap_memset
 .text.memcpy   0x10003b1c        0xc CMakeFiles/st7789_pio_lcd_lvgl_sens1.dir/C_/Users/saopa/.pico-sdk/sdk/2.1.1/src/rp2_common/pico_mem_ops/mem_ops_aeabi.S.obj
                0x10003b1c                __wrap_memcpy
                0x10003b1c                __wrap___aeabi_memcpy
 .text._out_null
                0x10003b28        0x4 CMakeFiles/st7789_pio_lcd_lvgl_sens1.dir/C_/Users/saopa/.pico-sdk/sdk/2.1.1/src/rp2_common/pico_printf/printf.c.obj
 .text._out_rev
                0x10003b2c       0xac CMakeFiles/st7789_pio_lcd_lvgl_sens1.dir/C_/Users/saopa/.pico-sdk/sdk/2.1.1/src/rp2_common/pico_printf/printf.c.obj
 .text._ntoa_format
                0x10003bd8      0x1cc CMakeFiles/st7789_pio_lcd_lvgl_sens1.dir/C_/Users/saopa/.pico-sdk/sdk/2.1.1/src/rp2_common/pico_printf/printf.c.obj
 .text._out_char
                0x10003da4       0x10 CMakeFiles/st7789_pio_lcd_lvgl_sens1.dir/C_/Users/saopa/.pico-sdk/sdk/2.1.1/src/rp2_common/pico_printf/printf.c.obj
 .text._out_fct
                0x10003db4       0x10 CMakeFiles/st7789_pio_lcd_lvgl_sens1.dir/C_/Users/saopa/.pico-sdk/sdk/2.1.1/src/rp2_common/pico_printf/printf.c.obj
 .text._ftoa    0x10003dc4      0x4a8 CMakeFiles/st7789_pio_lcd_lvgl_sens1.dir/C_/Users/saopa/.pico-sdk/sdk/2.1.1/src/rp2_common/pico_printf/printf.c.obj
 .text._etoa    0x1000426c      0x57c CMakeFiles/st7789_pio_lcd_lvgl_sens1.dir/C_/Users/saopa/.pico-sdk/sdk/2.1.1/src/rp2_common/pico_printf/printf.c.obj
 .text._vsnprintf
                0x100047e8      0xbe0 CMakeFiles/st7789_pio_lcd_lvgl_sens1.dir/C_/Users/saopa/.pico-sdk/sdk/2.1.1/src/rp2_common/pico_printf/printf.c.obj
 .text.vfctprintf
                0x100053c8       0x24 CMakeFiles/st7789_pio_lcd_lvgl_sens1.dir/C_/Users/saopa/.pico-sdk/sdk/2.1.1/src/rp2_common/pico_printf/printf.c.obj
                0x100053c8                vfctprintf
 .text.weak_raw_vprintf
                0x100053ec       0x30 CMakeFiles/st7789_pio_lcd_lvgl_sens1.dir/C_/Users/saopa/.pico-sdk/sdk/2.1.1/src/rp2_common/pico_printf/printf.c.obj
                0x100053ec                weak_raw_vprintf
 .text._exit    0x1000541c        0x4 CMakeFiles/st7789_pio_lcd_lvgl_sens1.dir/C_/Users/saopa/.pico-sdk/sdk/2.1.1/src/rp2_common/pico_clib_interface/newlib_interface.c.obj
                0x1000541c                _exit
 .text.exit     0x10005420        0x8 CMakeFiles/st7789_pio_lcd_lvgl_sens1.dir/C_/Users/saopa/.pico-sdk/sdk/2.1.1/src/rp2_common/pico_clib_interface/newlib_interface.c.obj
                0x10005420                exit
 .text.runtime_init
                0x10005428       0x2c CMakeFiles/st7789_pio_lcd_lvgl_sens1.dir/C_/Users/saopa/.pico-sdk/sdk/2.1.1/src/rp2_common/pico_clib_interface/newlib_interface.c.obj
                0x10005428                runtime_init
 .text.stdio_out_chars_no_crlf
                0x10005454       0x10 CMakeFiles/st7789_pio_lcd_lvgl_sens1.dir/C_/Users/saopa/.pico-sdk/sdk/2.1.1/src/rp2_common/pico_stdio/stdio.c.obj
 .text.stdio_out_chars_crlf
                0x10005464       0xb0 CMakeFiles/st7789_pio_lcd_lvgl_sens1.dir/C_/Users/saopa/.pico-sdk/sdk/2.1.1/src/rp2_common/pico_stdio/stdio.c.obj
 .text.stdio_buffered_printer
                0x10005514       0x64 CMakeFiles/st7789_pio_lcd_lvgl_sens1.dir/C_/Users/saopa/.pico-sdk/sdk/2.1.1/src/rp2_common/pico_stdio/stdio.c.obj
 .text.stdio_put_string
                0x10005578       0xfc CMakeFiles/st7789_pio_lcd_lvgl_sens1.dir/C_/Users/saopa/.pico-sdk/sdk/2.1.1/src/rp2_common/pico_stdio/stdio.c.obj
                0x10005578                stdio_put_string
 .text.stdio_set_driver_enabled
                0x10005674       0x30 CMakeFiles/st7789_pio_lcd_lvgl_sens1.dir/C_/Users/saopa/.pico-sdk/sdk/2.1.1/src/rp2_common/pico_stdio/stdio.c.obj
                0x10005674                stdio_set_driver_enabled
 .text.stdio_init_all
                0x100056a4       0x10 CMakeFiles/st7789_pio_lcd_lvgl_sens1.dir/C_/Users/saopa/.pico-sdk/sdk/2.1.1/src/rp2_common/pico_stdio/stdio.c.obj
                0x100056a4                stdio_init_all
 .text.__wrap_putchar
                0x100056b4       0x94 CMakeFiles/st7789_pio_lcd_lvgl_sens1.dir/C_/Users/saopa/.pico-sdk/sdk/2.1.1/src/rp2_common/pico_stdio/stdio.c.obj
                0x100056b4                stdio_putchar
                0x100056b4                __wrap_putchar
 .text.__wrap_puts
                0x10005748       0x3c CMakeFiles/st7789_pio_lcd_lvgl_sens1.dir/C_/Users/saopa/.pico-sdk/sdk/2.1.1/src/rp2_common/pico_stdio/stdio.c.obj
                0x10005748                stdio_puts
                0x10005748                __wrap_puts
 .text.__wrap_vprintf
                0x10005784       0xcc CMakeFiles/st7789_pio_lcd_lvgl_sens1.dir/C_/Users/saopa/.pico-sdk/sdk/2.1.1/src/rp2_common/pico_stdio/stdio.c.obj
                0x10005784                __wrap_vprintf
                0x10005784                stdio_vprintf
 .text.__wrap_printf
                0x10005850       0x18 CMakeFiles/st7789_pio_lcd_lvgl_sens1.dir/C_/Users/saopa/.pico-sdk/sdk/2.1.1/src/rp2_common/pico_stdio/stdio.c.obj
                0x10005850                stdio_printf
                0x10005850                __wrap_printf
 .text.stdio_uart_out_chars
                0x10005868       0x4c CMakeFiles/st7789_pio_lcd_lvgl_sens1.dir/C_/Users/saopa/.pico-sdk/sdk/2.1.1/src/rp2_common/pico_stdio_uart/stdio_uart.c.obj
 .text.stdio_uart_in_chars
                0x100058b4       0x90 CMakeFiles/st7789_pio_lcd_lvgl_sens1.dir/C_/Users/saopa/.pico-sdk/sdk/2.1.1/src/rp2_common/pico_stdio_uart/stdio_uart.c.obj
                0x100058b4                stdio_uart_in_chars
 .text.on_uart_rx
                0x10005944       0x28 CMakeFiles/st7789_pio_lcd_lvgl_sens1.dir/C_/Users/saopa/.pico-sdk/sdk/2.1.1/src/rp2_common/pico_stdio_uart/stdio_uart.c.obj
 .text.stdio_uart_out_flush
                0x1000596c       0x14 CMakeFiles/st7789_pio_lcd_lvgl_sens1.dir/C_/Users/saopa/.pico-sdk/sdk/2.1.1/src/rp2_common/pico_stdio_uart/stdio_uart.c.obj
 .text.stdio_uart_set_chars_available_callback
                0x10005980       0x84 CMakeFiles/st7789_pio_lcd_lvgl_sens1.dir/C_/Users/saopa/.pico-sdk/sdk/2.1.1/src/rp2_common/pico_stdio_uart/stdio_uart.c.obj
 .text.stdio_uart_init
                0x10005a04       0x50 CMakeFiles/st7789_pio_lcd_lvgl_sens1.dir/C_/Users/saopa/.pico-sdk/sdk/2.1.1/src/rp2_common/pico_stdio_uart/stdio_uart.c.obj
                0x10005a04                stdio_uart_init
 .text.resetd_init
                0x10005a54        0x4 CMakeFiles/st7789_pio_lcd_lvgl_sens1.dir/C_/Users/saopa/.pico-sdk/sdk/2.1.1/src/rp2_common/pico_stdio_usb/reset_interface.c.obj
 .text.resetd_reset
                0x10005a58        0xc CMakeFiles/st7789_pio_lcd_lvgl_sens1.dir/C_/Users/saopa/.pico-sdk/sdk/2.1.1/src/rp2_common/pico_stdio_usb/reset_interface.c.obj
 .text.resetd_open
                0x10005a64       0x28 CMakeFiles/st7789_pio_lcd_lvgl_sens1.dir/C_/Users/saopa/.pico-sdk/sdk/2.1.1/src/rp2_common/pico_stdio_usb/reset_interface.c.obj
 .text.resetd_xfer_cb
                0x10005a8c        0x4 CMakeFiles/st7789_pio_lcd_lvgl_sens1.dir/C_/Users/saopa/.pico-sdk/sdk/2.1.1/src/rp2_common/pico_stdio_usb/reset_interface.c.obj
 .text.resetd_control_xfer_cb
                0x10005a90       0x54 CMakeFiles/st7789_pio_lcd_lvgl_sens1.dir/C_/Users/saopa/.pico-sdk/sdk/2.1.1/src/rp2_common/pico_stdio_usb/reset_interface.c.obj
 .text.tud_descriptor_bos_cb
                0x10005ae4        0x8 CMakeFiles/st7789_pio_lcd_lvgl_sens1.dir/C_/Users/saopa/.pico-sdk/sdk/2.1.1/src/rp2_common/pico_stdio_usb/reset_interface.c.obj
                0x10005ae4                tud_descriptor_bos_cb
 .text.tud_vendor_control_xfer_cb
                0x10005aec       0x34 CMakeFiles/st7789_pio_lcd_lvgl_sens1.dir/C_/Users/saopa/.pico-sdk/sdk/2.1.1/src/rp2_common/pico_stdio_usb/reset_interface.c.obj
                0x10005aec                tud_vendor_control_xfer_cb
 .text.usbd_app_driver_get_cb
                0x10005b20        0xc CMakeFiles/st7789_pio_lcd_lvgl_sens1.dir/C_/Users/saopa/.pico-sdk/sdk/2.1.1/src/rp2_common/pico_stdio_usb/reset_interface.c.obj
                0x10005b20                usbd_app_driver_get_cb
 .text.tud_cdc_line_coding_cb
                0x10005b2c       0x2c CMakeFiles/st7789_pio_lcd_lvgl_sens1.dir/C_/Users/saopa/.pico-sdk/sdk/2.1.1/src/rp2_common/pico_stdio_usb/reset_interface.c.obj
                0x10005b2c                tud_cdc_line_coding_cb
 .text.stdio_usb_set_chars_available_callback
                0x10005b58       0x14 CMakeFiles/st7789_pio_lcd_lvgl_sens1.dir/C_/Users/saopa/.pico-sdk/sdk/2.1.1/src/rp2_common/pico_stdio_usb/stdio_usb.c.obj
                0x10005b58                stdio_usb_set_chars_available_callback
 .text.usb_irq  0x10005b6c       0x10 CMakeFiles/st7789_pio_lcd_lvgl_sens1.dir/C_/Users/saopa/.pico-sdk/sdk/2.1.1/src/rp2_common/pico_stdio_usb/stdio_usb.c.obj
 .text.timer_task
                0x10005b7c       0x64 CMakeFiles/st7789_pio_lcd_lvgl_sens1.dir/C_/Users/saopa/.pico-sdk/sdk/2.1.1/src/rp2_common/pico_stdio_usb/stdio_usb.c.obj
 .text.stdio_usb_in_chars
                0x10005be0       0x8c CMakeFiles/st7789_pio_lcd_lvgl_sens1.dir/C_/Users/saopa/.pico-sdk/sdk/2.1.1/src/rp2_common/pico_stdio_usb/stdio_usb.c.obj
                0x10005be0                stdio_usb_in_chars
 .text.stdio_usb_out_flush
                0x10005c6c       0x4c CMakeFiles/st7789_pio_lcd_lvgl_sens1.dir/C_/Users/saopa/.pico-sdk/sdk/2.1.1/src/rp2_common/pico_stdio_usb/stdio_usb.c.obj
 .text.stdio_usb_out_chars
                0x10005cb8      0x100 CMakeFiles/st7789_pio_lcd_lvgl_sens1.dir/C_/Users/saopa/.pico-sdk/sdk/2.1.1/src/rp2_common/pico_stdio_usb/stdio_usb.c.obj
 .text.low_priority_worker_irq
                0x10005db8       0xc8 CMakeFiles/st7789_pio_lcd_lvgl_sens1.dir/C_/Users/saopa/.pico-sdk/sdk/2.1.1/src/rp2_common/pico_stdio_usb/stdio_usb.c.obj
 .text.stdio_usb_init
                0x10005e80       0xe8 CMakeFiles/st7789_pio_lcd_lvgl_sens1.dir/C_/Users/saopa/.pico-sdk/sdk/2.1.1/src/rp2_common/pico_stdio_usb/stdio_usb.c.obj
                0x10005e80                stdio_usb_init
 .text.tud_descriptor_device_cb
                0x10005f68        0x8 CMakeFiles/st7789_pio_lcd_lvgl_sens1.dir/C_/Users/saopa/.pico-sdk/sdk/2.1.1/src/rp2_common/pico_stdio_usb/stdio_usb_descriptors.c.obj
                0x10005f68                tud_descriptor_device_cb
 .text.tud_descriptor_configuration_cb
                0x10005f70        0x8 CMakeFiles/st7789_pio_lcd_lvgl_sens1.dir/C_/Users/saopa/.pico-sdk/sdk/2.1.1/src/rp2_common/pico_stdio_usb/stdio_usb_descriptors.c.obj
                0x10005f70                tud_descriptor_configuration_cb
 .text.tud_descriptor_string_cb
                0x10005f78       0x78 CMakeFiles/st7789_pio_lcd_lvgl_sens1.dir/C_/Users/saopa/.pico-sdk/sdk/2.1.1/src/rp2_common/pico_stdio_usb/stdio_usb_descriptors.c.obj
                0x10005f78                tud_descriptor_string_cb
 .text.startup._retrieve_unique_id_on_boot
                0x10005ff0       0x10 CMakeFiles/st7789_pio_lcd_lvgl_sens1.dir/C_/Users/saopa/.pico-sdk/sdk/2.1.1/src/rp2_common/pico_unique_id/unique_id.c.obj
 .text.pico_get_unique_board_id
                0x10006000       0x10 CMakeFiles/st7789_pio_lcd_lvgl_sens1.dir/C_/Users/saopa/.pico-sdk/sdk/2.1.1/src/rp2_common/pico_unique_id/unique_id.c.obj
                0x10006000                pico_get_unique_board_id
 .text.pico_get_unique_board_id_string
                0x10006010      0x1a8 CMakeFiles/st7789_pio_lcd_lvgl_sens1.dir/C_/Users/saopa/.pico-sdk/sdk/2.1.1/src/rp2_common/pico_unique_id/unique_id.c.obj
                0x10006010                pico_get_unique_board_id_string
 .text.flash_get_unique_id
                0x100061b8       0x3c CMakeFiles/st7789_pio_lcd_lvgl_sens1.dir/C_/Users/saopa/.pico-sdk/sdk/2.1.1/src/rp2_common/hardware_flash/flash.c.obj
                0x100061b8                flash_get_unique_id
 .text.dcd_init
                0x100061f4       0x90 CMakeFiles/st7789_pio_lcd_lvgl_sens1.dir/C_/Users/saopa/.pico-sdk/sdk/2.1.1/lib/tinyusb/src/portable/raspberrypi/rp2040/dcd_rp2040.c.obj
                0x100061f4                dcd_init
 .text.dcd_int_enable
                0x10006284        0xc CMakeFiles/st7789_pio_lcd_lvgl_sens1.dir/C_/Users/saopa/.pico-sdk/sdk/2.1.1/lib/tinyusb/src/portable/raspberrypi/rp2040/dcd_rp2040.c.obj
                0x10006284                dcd_int_enable
 .text.dcd_set_address
                0x10006290       0x14 CMakeFiles/st7789_pio_lcd_lvgl_sens1.dir/C_/Users/saopa/.pico-sdk/sdk/2.1.1/lib/tinyusb/src/portable/raspberrypi/rp2040/dcd_rp2040.c.obj
                0x10006290                dcd_set_address
 .text.dcd_sof_enable
                0x100062a4       0x1c CMakeFiles/st7789_pio_lcd_lvgl_sens1.dir/C_/Users/saopa/.pico-sdk/sdk/2.1.1/lib/tinyusb/src/portable/raspberrypi/rp2040/dcd_rp2040.c.obj
                0x100062a4                dcd_sof_enable
 .text.dcd_edpt0_status_complete
                0x100062c0       0x1c CMakeFiles/st7789_pio_lcd_lvgl_sens1.dir/C_/Users/saopa/.pico-sdk/sdk/2.1.1/lib/tinyusb/src/portable/raspberrypi/rp2040/dcd_rp2040.c.obj
                0x100062c0                dcd_edpt0_status_complete
 .text.dcd_edpt_open
                0x100062dc      0x114 CMakeFiles/st7789_pio_lcd_lvgl_sens1.dir/C_/Users/saopa/.pico-sdk/sdk/2.1.1/lib/tinyusb/src/portable/raspberrypi/rp2040/dcd_rp2040.c.obj
                0x100062dc                dcd_edpt_open
 .text.dcd_edpt_close_all
                0x100063f0        0x8 CMakeFiles/st7789_pio_lcd_lvgl_sens1.dir/C_/Users/saopa/.pico-sdk/sdk/2.1.1/lib/tinyusb/src/portable/raspberrypi/rp2040/dcd_rp2040.c.obj
                0x100063f0                dcd_edpt_close_all
 .text.dcd_edpt_xfer
                0x100063f8       0x24 CMakeFiles/st7789_pio_lcd_lvgl_sens1.dir/C_/Users/saopa/.pico-sdk/sdk/2.1.1/lib/tinyusb/src/portable/raspberrypi/rp2040/dcd_rp2040.c.obj
                0x100063f8                dcd_edpt_xfer
 .text.dcd_edpt_stall
                0x1000641c       0x3c CMakeFiles/st7789_pio_lcd_lvgl_sens1.dir/C_/Users/saopa/.pico-sdk/sdk/2.1.1/lib/tinyusb/src/portable/raspberrypi/rp2040/dcd_rp2040.c.obj
                0x1000641c                dcd_edpt_stall
 .text.dcd_edpt_clear_stall
                0x10006458       0x30 CMakeFiles/st7789_pio_lcd_lvgl_sens1.dir/C_/Users/saopa/.pico-sdk/sdk/2.1.1/lib/tinyusb/src/portable/raspberrypi/rp2040/dcd_rp2040.c.obj
                0x10006458                dcd_edpt_clear_stall
 .text.rp2040_usb_init
                0x10006488       0x40 CMakeFiles/st7789_pio_lcd_lvgl_sens1.dir/C_/Users/saopa/.pico-sdk/sdk/2.1.1/lib/tinyusb/src/portable/raspberrypi/rp2040/rp2040_usb.c.obj
                0x10006488                rp2040_usb_init
 .text.hw_endpoint_xfer_start
                0x100064c8       0x40 CMakeFiles/st7789_pio_lcd_lvgl_sens1.dir/C_/Users/saopa/.pico-sdk/sdk/2.1.1/lib/tinyusb/src/portable/raspberrypi/rp2040/rp2040_usb.c.obj
                0x100064c8                hw_endpoint_xfer_start
 .text.tud_event_hook_cb
                0x10006508        0x4 CMakeFiles/st7789_pio_lcd_lvgl_sens1.dir/C_/Users/saopa/.pico-sdk/sdk/2.1.1/lib/tinyusb/src/device/usbd.c.obj
                0x10006508                tud_event_hook_cb
 .text.tud_sof_cb
                0x1000650c        0x4 CMakeFiles/st7789_pio_lcd_lvgl_sens1.dir/C_/Users/saopa/.pico-sdk/sdk/2.1.1/lib/tinyusb/src/device/usbd.c.obj
                0x1000650c                tud_sof_cb
 .text.tud_descriptor_device_qualifier_cb
                0x10006510        0x4 CMakeFiles/st7789_pio_lcd_lvgl_sens1.dir/C_/Users/saopa/.pico-sdk/sdk/2.1.1/lib/tinyusb/src/device/usbd.c.obj
                0x10006510                tud_descriptor_device_qualifier_cb
 .text.tud_descriptor_other_speed_configuration_cb
                0x10006514        0x4 CMakeFiles/st7789_pio_lcd_lvgl_sens1.dir/C_/Users/saopa/.pico-sdk/sdk/2.1.1/lib/tinyusb/src/device/usbd.c.obj
                0x10006514                tud_descriptor_other_speed_configuration_cb
 .text.tud_mount_cb
                0x10006518        0x4 CMakeFiles/st7789_pio_lcd_lvgl_sens1.dir/C_/Users/saopa/.pico-sdk/sdk/2.1.1/lib/tinyusb/src/device/usbd.c.obj
                0x10006518                tud_mount_cb
 .text.tud_umount_cb
                0x1000651c        0x4 CMakeFiles/st7789_pio_lcd_lvgl_sens1.dir/C_/Users/saopa/.pico-sdk/sdk/2.1.1/lib/tinyusb/src/device/usbd.c.obj
                0x1000651c                tud_umount_cb
 .text.tud_suspend_cb
                0x10006520        0x4 CMakeFiles/st7789_pio_lcd_lvgl_sens1.dir/C_/Users/saopa/.pico-sdk/sdk/2.1.1/lib/tinyusb/src/device/usbd.c.obj
                0x10006520                tud_suspend_cb
 .text.tud_resume_cb
                0x10006524        0x4 CMakeFiles/st7789_pio_lcd_lvgl_sens1.dir/C_/Users/saopa/.pico-sdk/sdk/2.1.1/lib/tinyusb/src/device/usbd.c.obj
                0x10006524                tud_resume_cb
 .text.tud_mounted
                0x10006528       0x10 CMakeFiles/st7789_pio_lcd_lvgl_sens1.dir/C_/Users/saopa/.pico-sdk/sdk/2.1.1/lib/tinyusb/src/device/usbd.c.obj
                0x10006528                tud_mounted
 .text.tud_suspended
                0x10006538       0x10 CMakeFiles/st7789_pio_lcd_lvgl_sens1.dir/C_/Users/saopa/.pico-sdk/sdk/2.1.1/lib/tinyusb/src/device/usbd.c.obj
                0x10006538                tud_suspended
 .text.tud_rhport_init
                0x10006548       0xf4 CMakeFiles/st7789_pio_lcd_lvgl_sens1.dir/C_/Users/saopa/.pico-sdk/sdk/2.1.1/lib/tinyusb/src/device/usbd.c.obj
                0x10006548                tud_rhport_init
 .text.tud_task_ext
                0x1000663c      0x800 CMakeFiles/st7789_pio_lcd_lvgl_sens1.dir/C_/Users/saopa/.pico-sdk/sdk/2.1.1/lib/tinyusb/src/device/usbd.c.obj
                0x1000663c                tud_task_ext
 .text.usbd_open_edpt_pair
                0x10006e3c       0x9c CMakeFiles/st7789_pio_lcd_lvgl_sens1.dir/C_/Users/saopa/.pico-sdk/sdk/2.1.1/lib/tinyusb/src/device/usbd.c.obj
                0x10006e3c                usbd_open_edpt_pair
 .text.usbd_edpt_open
                0x10006ed8       0x34 CMakeFiles/st7789_pio_lcd_lvgl_sens1.dir/C_/Users/saopa/.pico-sdk/sdk/2.1.1/lib/tinyusb/src/device/usbd.c.obj
                0x10006ed8                usbd_edpt_open
 .text.usbd_edpt_claim
                0x10006f0c       0x28 CMakeFiles/st7789_pio_lcd_lvgl_sens1.dir/C_/Users/saopa/.pico-sdk/sdk/2.1.1/lib/tinyusb/src/device/usbd.c.obj
                0x10006f0c                usbd_edpt_claim
 .text.usbd_edpt_release
                0x10006f34       0x28 CMakeFiles/st7789_pio_lcd_lvgl_sens1.dir/C_/Users/saopa/.pico-sdk/sdk/2.1.1/lib/tinyusb/src/device/usbd.c.obj
                0x10006f34                usbd_edpt_release
 .text.usbd_edpt_xfer
                0x10006f5c       0x4c CMakeFiles/st7789_pio_lcd_lvgl_sens1.dir/C_/Users/saopa/.pico-sdk/sdk/2.1.1/lib/tinyusb/src/device/usbd.c.obj
                0x10006f5c                usbd_edpt_xfer
 .text.tud_control_status
                0x10006fa8       0x2c CMakeFiles/st7789_pio_lcd_lvgl_sens1.dir/C_/Users/saopa/.pico-sdk/sdk/2.1.1/lib/tinyusb/src/device/usbd_control.c.obj
                0x10006fa8                tud_control_status
 .text.tud_control_xfer
                0x10006fd4       0xa8 CMakeFiles/st7789_pio_lcd_lvgl_sens1.dir/C_/Users/saopa/.pico-sdk/sdk/2.1.1/lib/tinyusb/src/device/usbd_control.c.obj
                0x10006fd4                tud_control_xfer
 .text.usbd_control_reset
                0x1000707c       0x14 CMakeFiles/st7789_pio_lcd_lvgl_sens1.dir/C_/Users/saopa/.pico-sdk/sdk/2.1.1/lib/tinyusb/src/device/usbd_control.c.obj
                0x1000707c                usbd_control_reset
 .text.usbd_control_set_complete_callback
                0x10007090        0xc CMakeFiles/st7789_pio_lcd_lvgl_sens1.dir/C_/Users/saopa/.pico-sdk/sdk/2.1.1/lib/tinyusb/src/device/usbd_control.c.obj
                0x10007090                usbd_control_set_complete_callback
 .text.usbd_control_set_request
                0x1000709c       0x1c CMakeFiles/st7789_pio_lcd_lvgl_sens1.dir/C_/Users/saopa/.pico-sdk/sdk/2.1.1/lib/tinyusb/src/device/usbd_control.c.obj
                0x1000709c                usbd_control_set_request
 .text.usbd_control_xfer_cb
                0x100070b8       0xec CMakeFiles/st7789_pio_lcd_lvgl_sens1.dir/C_/Users/saopa/.pico-sdk/sdk/2.1.1/lib/tinyusb/src/device/usbd_control.c.obj
                0x100070b8                usbd_control_xfer_cb
 .text._prep_out_transaction.isra.0
                0x100071a4       0x6c CMakeFiles/st7789_pio_lcd_lvgl_sens1.dir/C_/Users/saopa/.pico-sdk/sdk/2.1.1/lib/tinyusb/src/class/cdc/cdc_device.c.obj
 .text.tud_cdc_n_connected
                0x10007210       0x2c CMakeFiles/st7789_pio_lcd_lvgl_sens1.dir/C_/Users/saopa/.pico-sdk/sdk/2.1.1/lib/tinyusb/src/class/cdc/cdc_device.c.obj
                0x10007210                tud_cdc_n_connected
 .text.tud_cdc_n_available
                0x1000723c       0x14 CMakeFiles/st7789_pio_lcd_lvgl_sens1.dir/C_/Users/saopa/.pico-sdk/sdk/2.1.1/lib/tinyusb/src/class/cdc/cdc_device.c.obj
                0x1000723c                tud_cdc_n_available
 .text.tud_cdc_n_read
                0x10007250       0x88 CMakeFiles/st7789_pio_lcd_lvgl_sens1.dir/C_/Users/saopa/.pico-sdk/sdk/2.1.1/lib/tinyusb/src/class/cdc/cdc_device.c.obj
                0x10007250                tud_cdc_n_read
 .text.tud_cdc_n_write_flush
                0x100072d8       0x74 CMakeFiles/st7789_pio_lcd_lvgl_sens1.dir/C_/Users/saopa/.pico-sdk/sdk/2.1.1/lib/tinyusb/src/class/cdc/cdc_device.c.obj
                0x100072d8                tud_cdc_n_write_flush
 .text.tud_cdc_n_write
                0x1000734c       0x40 CMakeFiles/st7789_pio_lcd_lvgl_sens1.dir/C_/Users/saopa/.pico-sdk/sdk/2.1.1/lib/tinyusb/src/class/cdc/cdc_device.c.obj
                0x1000734c                tud_cdc_n_write
 .text.tud_cdc_n_write_available
                0x1000738c       0x14 CMakeFiles/st7789_pio_lcd_lvgl_sens1.dir/C_/Users/saopa/.pico-sdk/sdk/2.1.1/lib/tinyusb/src/class/cdc/cdc_device.c.obj
                0x1000738c                tud_cdc_n_write_available
 .text.cdcd_init
                0x100073a0       0x70 CMakeFiles/st7789_pio_lcd_lvgl_sens1.dir/C_/Users/saopa/.pico-sdk/sdk/2.1.1/lib/tinyusb/src/class/cdc/cdc_device.c.obj
                0x100073a0                cdcd_init
 .text.cdcd_deinit
                0x10007410       0x30 CMakeFiles/st7789_pio_lcd_lvgl_sens1.dir/C_/Users/saopa/.pico-sdk/sdk/2.1.1/lib/tinyusb/src/class/cdc/cdc_device.c.obj
                0x10007410                cdcd_deinit
 .text.cdcd_reset
                0x10007440       0x4c CMakeFiles/st7789_pio_lcd_lvgl_sens1.dir/C_/Users/saopa/.pico-sdk/sdk/2.1.1/lib/tinyusb/src/class/cdc/cdc_device.c.obj
                0x10007440                cdcd_reset
 .text.cdcd_open
                0x1000748c       0xa4 CMakeFiles/st7789_pio_lcd_lvgl_sens1.dir/C_/Users/saopa/.pico-sdk/sdk/2.1.1/lib/tinyusb/src/class/cdc/cdc_device.c.obj
                0x1000748c                cdcd_open
 .text.cdcd_control_xfer_cb
                0x10007530       0xe8 CMakeFiles/st7789_pio_lcd_lvgl_sens1.dir/C_/Users/saopa/.pico-sdk/sdk/2.1.1/lib/tinyusb/src/class/cdc/cdc_device.c.obj
                0x10007530                cdcd_control_xfer_cb
 .text.cdcd_xfer_cb
                0x10007618      0x100 CMakeFiles/st7789_pio_lcd_lvgl_sens1.dir/C_/Users/saopa/.pico-sdk/sdk/2.1.1/lib/tinyusb/src/class/cdc/cdc_device.c.obj
                0x10007618                cdcd_xfer_cb
 .text.vendord_init
                0x10007718       0x5c CMakeFiles/st7789_pio_lcd_lvgl_sens1.dir/C_/Users/saopa/.pico-sdk/sdk/2.1.1/lib/tinyusb/src/class/vendor/vendor_device.c.obj
                0x10007718                vendord_init
 .text.vendord_deinit
                0x10007774       0x1c CMakeFiles/st7789_pio_lcd_lvgl_sens1.dir/C_/Users/saopa/.pico-sdk/sdk/2.1.1/lib/tinyusb/src/class/vendor/vendor_device.c.obj
                0x10007774                vendord_deinit
 .text.vendord_reset
                0x10007790       0x28 CMakeFiles/st7789_pio_lcd_lvgl_sens1.dir/C_/Users/saopa/.pico-sdk/sdk/2.1.1/lib/tinyusb/src/class/vendor/vendor_device.c.obj
                0x10007790                vendord_reset
 .text.vendord_open
                0x100077b8      0x120 CMakeFiles/st7789_pio_lcd_lvgl_sens1.dir/C_/Users/saopa/.pico-sdk/sdk/2.1.1/lib/tinyusb/src/class/vendor/vendor_device.c.obj
                0x100077b8                vendord_open
 .text.vendord_xfer_cb
                0x100078d8       0x9c CMakeFiles/st7789_pio_lcd_lvgl_sens1.dir/C_/Users/saopa/.pico-sdk/sdk/2.1.1/lib/tinyusb/src/class/vendor/vendor_device.c.obj
                0x100078d8                vendord_xfer_cb
 .text.tusb_rhport_init
                0x10007974       0x4c CMakeFiles/st7789_pio_lcd_lvgl_sens1.dir/C_/Users/saopa/.pico-sdk/sdk/2.1.1/lib/tinyusb/src/tusb.c.obj
                0x10007974                tusb_rhport_init
 .text.tu_edpt_claim
                0x100079c0       0x50 CMakeFiles/st7789_pio_lcd_lvgl_sens1.dir/C_/Users/saopa/.pico-sdk/sdk/2.1.1/lib/tinyusb/src/tusb.c.obj
                0x100079c0                tu_edpt_claim
 .text.tu_edpt_release
                0x10007a10       0x38 CMakeFiles/st7789_pio_lcd_lvgl_sens1.dir/C_/Users/saopa/.pico-sdk/sdk/2.1.1/lib/tinyusb/src/tusb.c.obj
                0x10007a10                tu_edpt_release
 .text.tu_edpt_validate
                0x10007a48       0x7c CMakeFiles/st7789_pio_lcd_lvgl_sens1.dir/C_/Users/saopa/.pico-sdk/sdk/2.1.1/lib/tinyusb/src/tusb.c.obj
                0x10007a48                tu_edpt_validate
 .text.tu_edpt_bind_driver
                0x10007ac4       0x34 CMakeFiles/st7789_pio_lcd_lvgl_sens1.dir/C_/Users/saopa/.pico-sdk/sdk/2.1.1/lib/tinyusb/src/tusb.c.obj
                0x10007ac4                tu_edpt_bind_driver
 .text.tu_edpt_stream_init
                0x10007af8       0x6c CMakeFiles/st7789_pio_lcd_lvgl_sens1.dir/C_/Users/saopa/.pico-sdk/sdk/2.1.1/lib/tinyusb/src/tusb.c.obj
                0x10007af8                tu_edpt_stream_init
 .text.tu_edpt_stream_deinit
                0x10007b64        0x4 CMakeFiles/st7789_pio_lcd_lvgl_sens1.dir/C_/Users/saopa/.pico-sdk/sdk/2.1.1/lib/tinyusb/src/tusb.c.obj
                0x10007b64                tu_edpt_stream_deinit
 .text.tu_edpt_stream_write_zlp_if_needed
                0x10007b68       0x68 CMakeFiles/st7789_pio_lcd_lvgl_sens1.dir/C_/Users/saopa/.pico-sdk/sdk/2.1.1/lib/tinyusb/src/tusb.c.obj
                0x10007b68                tu_edpt_stream_write_zlp_if_needed
 .text.tu_edpt_stream_write_xfer
                0x10007bd0       0x68 CMakeFiles/st7789_pio_lcd_lvgl_sens1.dir/C_/Users/saopa/.pico-sdk/sdk/2.1.1/lib/tinyusb/src/tusb.c.obj
                0x10007bd0                tu_edpt_stream_write_xfer
 .text.tu_edpt_stream_read_xfer
                0x10007c38       0xd8 CMakeFiles/st7789_pio_lcd_lvgl_sens1.dir/C_/Users/saopa/.pico-sdk/sdk/2.1.1/lib/tinyusb/src/tusb.c.obj
                0x10007c38                tu_edpt_stream_read_xfer
 .text.tu_fifo_config
                0x10007d10       0x6c CMakeFiles/st7789_pio_lcd_lvgl_sens1.dir/C_/Users/saopa/.pico-sdk/sdk/2.1.1/lib/tinyusb/src/common/tusb_fifo.c.obj
                0x10007d10                tu_fifo_config
 .text.tu_fifo_count
                0x10007d7c       0x2c CMakeFiles/st7789_pio_lcd_lvgl_sens1.dir/C_/Users/saopa/.pico-sdk/sdk/2.1.1/lib/tinyusb/src/common/tusb_fifo.c.obj
                0x10007d7c                tu_fifo_count
 .text.tu_fifo_empty
                0x10007da8       0x10 CMakeFiles/st7789_pio_lcd_lvgl_sens1.dir/C_/Users/saopa/.pico-sdk/sdk/2.1.1/lib/tinyusb/src/common/tusb_fifo.c.obj
                0x10007da8                tu_fifo_empty
 .text.tu_fifo_remaining
                0x10007db8       0x2c CMakeFiles/st7789_pio_lcd_lvgl_sens1.dir/C_/Users/saopa/.pico-sdk/sdk/2.1.1/lib/tinyusb/src/common/tusb_fifo.c.obj
                0x10007db8                tu_fifo_remaining
 .text.tu_fifo_read
                0x10007de4       0x9c CMakeFiles/st7789_pio_lcd_lvgl_sens1.dir/C_/Users/saopa/.pico-sdk/sdk/2.1.1/lib/tinyusb/src/common/tusb_fifo.c.obj
                0x10007de4                tu_fifo_read
 .text.tu_fifo_read_n
                0x10007e80       0xe8 CMakeFiles/st7789_pio_lcd_lvgl_sens1.dir/C_/Users/saopa/.pico-sdk/sdk/2.1.1/lib/tinyusb/src/common/tusb_fifo.c.obj
                0x10007e80                tu_fifo_read_n
 .text.tu_fifo_write
                0x10007f68       0xa4 CMakeFiles/st7789_pio_lcd_lvgl_sens1.dir/C_/Users/saopa/.pico-sdk/sdk/2.1.1/lib/tinyusb/src/common/tusb_fifo.c.obj
                0x10007f68                tu_fifo_write
 .text.tu_fifo_write_n
                0x1000800c      0x178 CMakeFiles/st7789_pio_lcd_lvgl_sens1.dir/C_/Users/saopa/.pico-sdk/sdk/2.1.1/lib/tinyusb/src/common/tusb_fifo.c.obj
                0x1000800c                tu_fifo_write_n
 .text.tu_fifo_clear
                0x10008184       0x40 CMakeFiles/st7789_pio_lcd_lvgl_sens1.dir/C_/Users/saopa/.pico-sdk/sdk/2.1.1/lib/tinyusb/src/common/tusb_fifo.c.obj
                0x10008184                tu_fifo_clear
 .text.tu_fifo_set_overwritable
                0x100081c4       0x48 CMakeFiles/st7789_pio_lcd_lvgl_sens1.dir/C_/Users/saopa/.pico-sdk/sdk/2.1.1/lib/tinyusb/src/common/tusb_fifo.c.obj
                0x100081c4                tu_fifo_set_overwritable
 .text.pio_add_program
                0x1000820c       0xf8 CMakeFiles/st7789_pio_lcd_lvgl_sens1.dir/C_/Users/saopa/.pico-sdk/sdk/2.1.1/src/rp2_common/hardware_pio/pio.c.obj
                0x1000820c                pio_add_program
 .text.pio_sm_set_pindirs_with_mask64
                0x10008304       0xac CMakeFiles/st7789_pio_lcd_lvgl_sens1.dir/C_/Users/saopa/.pico-sdk/sdk/2.1.1/src/rp2_common/hardware_pio/pio.c.obj
                0x10008304                pio_sm_set_pindirs_with_mask64
 .text.pio_sm_set_consecutive_pindirs
                0x100083b0       0xb4 CMakeFiles/st7789_pio_lcd_lvgl_sens1.dir/C_/Users/saopa/.pico-sdk/sdk/2.1.1/src/rp2_common/hardware_pio/pio.c.obj
                0x100083b0                pio_sm_set_consecutive_pindirs
 .text.pio_sm_init
                0x10008464       0x9c CMakeFiles/st7789_pio_lcd_lvgl_sens1.dir/C_/Users/saopa/.pico-sdk/sdk/2.1.1/src/rp2_common/hardware_pio/pio.c.obj
                0x10008464                pio_sm_init
 .text.pio_claim_free_sm_and_add_program_for_gpio_range
                0x10008500      0x184 CMakeFiles/st7789_pio_lcd_lvgl_sens1.dir/C_/Users/saopa/.pico-sdk/sdk/2.1.1/src/rp2_common/hardware_pio/pio.c.obj
                0x10008500                pio_claim_free_sm_and_add_program_for_gpio_range
 .text.pio_remove_program_and_unclaim_sm
                0x10008684       0x40 CMakeFiles/st7789_pio_lcd_lvgl_sens1.dir/C_/Users/saopa/.pico-sdk/sdk/2.1.1/src/rp2_common/hardware_pio/pio.c.obj
                0x10008684                pio_remove_program_and_unclaim_sm
 .text.i2c_read_blocking_internal.constprop.0
                0x100086c4       0x98 CMakeFiles/st7789_pio_lcd_lvgl_sens1.dir/C_/Users/saopa/.pico-sdk/sdk/2.1.1/src/rp2_common/hardware_i2c/i2c.c.obj
 .text.i2c_write_blocking_internal.constprop.0
                0x1000875c       0xf8 CMakeFiles/st7789_pio_lcd_lvgl_sens1.dir/C_/Users/saopa/.pico-sdk/sdk/2.1.1/src/rp2_common/hardware_i2c/i2c.c.obj
 .text.i2c_set_baudrate
                0x10008854       0xc0 CMakeFiles/st7789_pio_lcd_lvgl_sens1.dir/C_/Users/saopa/.pico-sdk/sdk/2.1.1/src/rp2_common/hardware_i2c/i2c.c.obj
                0x10008854                i2c_set_baudrate
 .text.i2c_init
                0x10008914       0x50 CMakeFiles/st7789_pio_lcd_lvgl_sens1.dir/C_/Users/saopa/.pico-sdk/sdk/2.1.1/src/rp2_common/hardware_i2c/i2c.c.obj
                0x10008914                i2c_init
 .text.i2c_write_blocking
                0x10008964       0x14 CMakeFiles/st7789_pio_lcd_lvgl_sens1.dir/C_/Users/saopa/.pico-sdk/sdk/2.1.1/src/rp2_common/hardware_i2c/i2c.c.obj
                0x10008964                i2c_write_blocking
 .text.i2c_read_blocking
                0x10008978       0x14 CMakeFiles/st7789_pio_lcd_lvgl_sens1.dir/C_/Users/saopa/.pico-sdk/sdk/2.1.1/src/rp2_common/hardware_i2c/i2c.c.obj
                0x10008978                i2c_read_blocking
 .text.cyw43_arch_set_async_context
                0x1000898c        0xc CMakeFiles/st7789_pio_lcd_lvgl_sens1.dir/C_/Users/saopa/.pico-sdk/sdk/2.1.1/src/rp2_common/pico_cyw43_arch/cyw43_arch.c.obj
                0x1000898c                cyw43_arch_set_async_context
 .text.cyw43_arch_gpio_put
                0x10008998       0x14 CMakeFiles/st7789_pio_lcd_lvgl_sens1.dir/C_/Users/saopa/.pico-sdk/sdk/2.1.1/src/rp2_common/pico_cyw43_arch/cyw43_arch.c.obj
                0x10008998                cyw43_arch_gpio_put
 .text.cyw43_arch_async_context
                0x100089ac        0xc CMakeFiles/st7789_pio_lcd_lvgl_sens1.dir/C_/Users/saopa/.pico-sdk/sdk/2.1.1/src/rp2_common/pico_cyw43_arch/cyw43_arch.c.obj
                0x100089ac                cyw43_arch_async_context
 .text.cyw43_arch_init
                0x100089b8       0x64 CMakeFiles/st7789_pio_lcd_lvgl_sens1.dir/777c63895f2c2e5009f0d6caa9306e76/pico_cyw43_arch/cyw43_arch_threadsafe_background.c.obj
                0x100089b8                cyw43_arch_init
 .text.ns_delay.constprop.0
                0x10008a1c       0x20 CMakeFiles/st7789_pio_lcd_lvgl_sens1.dir/C_/Users/saopa/.pico-sdk/sdk/2.1.1/src/rp2_common/pico_cyw43_driver/cyw43_bus_pio_spi.c.obj
 .text.cyw43_spi_deinit
                0x10008a3c       0x6c CMakeFiles/st7789_pio_lcd_lvgl_sens1.dir/C_/Users/saopa/.pico-sdk/sdk/2.1.1/src/rp2_common/pico_cyw43_driver/cyw43_bus_pio_spi.c.obj
                0x10008a3c                cyw43_spi_deinit
 .text.cyw43_spi_init
                0x10008aa8      0x128 CMakeFiles/st7789_pio_lcd_lvgl_sens1.dir/C_/Users/saopa/.pico-sdk/sdk/2.1.1/src/rp2_common/pico_cyw43_driver/cyw43_bus_pio_spi.c.obj
                0x10008aa8                cyw43_spi_init
 .text.cyw43_spi_transfer
                0x10008bd0      0x448 CMakeFiles/st7789_pio_lcd_lvgl_sens1.dir/C_/Users/saopa/.pico-sdk/sdk/2.1.1/src/rp2_common/pico_cyw43_driver/cyw43_bus_pio_spi.c.obj
                0x10008bd0                cyw43_spi_transfer
 .text.cyw43_spi_gpio_setup
                0x10009018       0x3c CMakeFiles/st7789_pio_lcd_lvgl_sens1.dir/C_/Users/saopa/.pico-sdk/sdk/2.1.1/src/rp2_common/pico_cyw43_driver/cyw43_bus_pio_spi.c.obj
                0x10009018                cyw43_spi_gpio_setup
 .text.cyw43_spi_reset
                0x10009054       0x28 CMakeFiles/st7789_pio_lcd_lvgl_sens1.dir/C_/Users/saopa/.pico-sdk/sdk/2.1.1/src/rp2_common/pico_cyw43_driver/cyw43_bus_pio_spi.c.obj
                0x10009054                cyw43_spi_reset
 .text.read_reg_u32_swap
                0x1000907c       0x44 CMakeFiles/st7789_pio_lcd_lvgl_sens1.dir/C_/Users/saopa/.pico-sdk/sdk/2.1.1/src/rp2_common/pico_cyw43_driver/cyw43_bus_pio_spi.c.obj
                0x1000907c                read_reg_u32_swap
 .text.cyw43_read_reg_u32
                0x100090c0       0x58 CMakeFiles/st7789_pio_lcd_lvgl_sens1.dir/C_/Users/saopa/.pico-sdk/sdk/2.1.1/src/rp2_common/pico_cyw43_driver/cyw43_bus_pio_spi.c.obj
                0x100090c0                cyw43_read_reg_u32
 .text.cyw43_read_reg_u16
                0x10009118       0x58 CMakeFiles/st7789_pio_lcd_lvgl_sens1.dir/C_/Users/saopa/.pico-sdk/sdk/2.1.1/src/rp2_common/pico_cyw43_driver/cyw43_bus_pio_spi.c.obj
                0x10009118                cyw43_read_reg_u16
 .text.cyw43_read_reg_u8
                0x10009170       0x58 CMakeFiles/st7789_pio_lcd_lvgl_sens1.dir/C_/Users/saopa/.pico-sdk/sdk/2.1.1/src/rp2_common/pico_cyw43_driver/cyw43_bus_pio_spi.c.obj
                0x10009170                cyw43_read_reg_u8
 .text.write_reg_u32_swap
                0x100091c8      0x214 CMakeFiles/st7789_pio_lcd_lvgl_sens1.dir/C_/Users/saopa/.pico-sdk/sdk/2.1.1/src/rp2_common/pico_cyw43_driver/cyw43_bus_pio_spi.c.obj
                0x100091c8                write_reg_u32_swap
 .text.cyw43_write_reg_u32
                0x100093dc      0x234 CMakeFiles/st7789_pio_lcd_lvgl_sens1.dir/C_/Users/saopa/.pico-sdk/sdk/2.1.1/src/rp2_common/pico_cyw43_driver/cyw43_bus_pio_spi.c.obj
                0x100093dc                cyw43_write_reg_u32
 .text.cyw43_write_reg_u16
                0x10009610      0x234 CMakeFiles/st7789_pio_lcd_lvgl_sens1.dir/C_/Users/saopa/.pico-sdk/sdk/2.1.1/src/rp2_common/pico_cyw43_driver/cyw43_bus_pio_spi.c.obj
                0x10009610                cyw43_write_reg_u16
 .text.cyw43_write_reg_u8
                0x10009844      0x234 CMakeFiles/st7789_pio_lcd_lvgl_sens1.dir/C_/Users/saopa/.pico-sdk/sdk/2.1.1/src/rp2_common/pico_cyw43_driver/cyw43_bus_pio_spi.c.obj
                0x10009844                cyw43_write_reg_u8
 .text.cyw43_read_bytes
                0x10009a78       0x78 CMakeFiles/st7789_pio_lcd_lvgl_sens1.dir/C_/Users/saopa/.pico-sdk/sdk/2.1.1/src/rp2_common/pico_cyw43_driver/cyw43_bus_pio_spi.c.obj
                0x10009a78                cyw43_read_bytes
 .text.cyw43_write_bytes
                0x10009af0       0xd4 CMakeFiles/st7789_pio_lcd_lvgl_sens1.dir/C_/Users/saopa/.pico-sdk/sdk/2.1.1/src/rp2_common/pico_cyw43_driver/cyw43_bus_pio_spi.c.obj
                0x10009af0                cyw43_write_bytes
 .text.cyw43_set_backplane_window
                0x10009bc4       0x68 CMakeFiles/st7789_pio_lcd_lvgl_sens1.dir/C_/Users/saopa/.pico-sdk/sdk/2.1.1/lib/cyw43-driver/src/cyw43_ll.c.obj
 .text.cyw43_ll_parse_async_event
                0x10009c2c      0x138 CMakeFiles/st7789_pio_lcd_lvgl_sens1.dir/C_/Users/saopa/.pico-sdk/sdk/2.1.1/lib/cyw43-driver/src/cyw43_ll.c.obj
 .text.cyw43_kso_set
                0x10009d64       0x80 CMakeFiles/st7789_pio_lcd_lvgl_sens1.dir/C_/Users/saopa/.pico-sdk/sdk/2.1.1/lib/cyw43-driver/src/cyw43_ll.c.obj
 .text.cyw43_ll_sdpcm_poll_device
                0x10009de4      0x238 CMakeFiles/st7789_pio_lcd_lvgl_sens1.dir/C_/Users/saopa/.pico-sdk/sdk/2.1.1/lib/cyw43-driver/src/cyw43_ll.c.obj
 .text.cyw43_sdpcm_send_common
                0x1000a01c       0xfc CMakeFiles/st7789_pio_lcd_lvgl_sens1.dir/C_/Users/saopa/.pico-sdk/sdk/2.1.1/lib/cyw43-driver/src/cyw43_ll.c.obj
 .text.cyw43_do_ioctl.part.0
                0x1000a118       0xc4 CMakeFiles/st7789_pio_lcd_lvgl_sens1.dir/C_/Users/saopa/.pico-sdk/sdk/2.1.1/lib/cyw43-driver/src/cyw43_ll.c.obj
 .text.cyw43_write_iovar_u32.constprop.0
                0x1000a1dc       0x98 CMakeFiles/st7789_pio_lcd_lvgl_sens1.dir/C_/Users/saopa/.pico-sdk/sdk/2.1.1/lib/cyw43-driver/src/cyw43_ll.c.obj
 .text.cyw43_write_iovar_n
                0x1000a274       0x8c CMakeFiles/st7789_pio_lcd_lvgl_sens1.dir/C_/Users/saopa/.pico-sdk/sdk/2.1.1/lib/cyw43-driver/src/cyw43_ll.c.obj
 .text.cyw43_read_backplane.constprop.0
                0x1000a300       0xe4 CMakeFiles/st7789_pio_lcd_lvgl_sens1.dir/C_/Users/saopa/.pico-sdk/sdk/2.1.1/lib/cyw43-driver/src/cyw43_ll.c.obj
 .text.cyw43_write_backplane
                0x1000a3e4      0x10c CMakeFiles/st7789_pio_lcd_lvgl_sens1.dir/C_/Users/saopa/.pico-sdk/sdk/2.1.1/lib/cyw43-driver/src/cyw43_ll.c.obj
 .text.reset_device_core.constprop.0
                0x1000a4f0      0x410 CMakeFiles/st7789_pio_lcd_lvgl_sens1.dir/C_/Users/saopa/.pico-sdk/sdk/2.1.1/lib/cyw43-driver/src/cyw43_ll.c.obj
 .text.cyw43_ll_init
                0x1000a900       0x1c CMakeFiles/st7789_pio_lcd_lvgl_sens1.dir/C_/Users/saopa/.pico-sdk/sdk/2.1.1/lib/cyw43-driver/src/cyw43_ll.c.obj
                0x1000a900                cyw43_ll_init
 .text.cyw43_ll_deinit
                0x1000a91c        0x8 CMakeFiles/st7789_pio_lcd_lvgl_sens1.dir/C_/Users/saopa/.pico-sdk/sdk/2.1.1/lib/cyw43-driver/src/cyw43_ll.c.obj
                0x1000a91c                cyw43_ll_deinit
 .text.cyw43_ll_process_packets
                0x1000a924       0x54 CMakeFiles/st7789_pio_lcd_lvgl_sens1.dir/C_/Users/saopa/.pico-sdk/sdk/2.1.1/lib/cyw43-driver/src/cyw43_ll.c.obj
                0x1000a924                cyw43_ll_process_packets
 .text.cyw43_ll_ioctl
                0x1000a978       0x80 CMakeFiles/st7789_pio_lcd_lvgl_sens1.dir/C_/Users/saopa/.pico-sdk/sdk/2.1.1/lib/cyw43-driver/src/cyw43_ll.c.obj
                0x1000a978                cyw43_ll_ioctl
 .text.cyw43_ll_bus_sleep
                0x1000a9f8       0x34 CMakeFiles/st7789_pio_lcd_lvgl_sens1.dir/C_/Users/saopa/.pico-sdk/sdk/2.1.1/lib/cyw43-driver/src/cyw43_ll.c.obj
                0x1000a9f8                cyw43_ll_bus_sleep
 .text.cyw43_ll_wifi_get_mac
                0x1000aa2c       0x78 CMakeFiles/st7789_pio_lcd_lvgl_sens1.dir/C_/Users/saopa/.pico-sdk/sdk/2.1.1/lib/cyw43-driver/src/cyw43_ll.c.obj
                0x1000aa2c                cyw43_ll_wifi_get_mac
 .text.cyw43_ll_bus_init
                0x1000aaa4      0x8d8 CMakeFiles/st7789_pio_lcd_lvgl_sens1.dir/C_/Users/saopa/.pico-sdk/sdk/2.1.1/lib/cyw43-driver/src/cyw43_ll.c.obj
                0x1000aaa4                cyw43_ll_bus_init
 .text.cyw43_ll_wifi_set_wpa_auth
                0x1000b37c       0x4c CMakeFiles/st7789_pio_lcd_lvgl_sens1.dir/C_/Users/saopa/.pico-sdk/sdk/2.1.1/lib/cyw43-driver/src/cyw43_ll.c.obj
                0x1000b37c                cyw43_ll_wifi_set_wpa_auth
 .text.cyw43_ll_wifi_rejoin
                0x1000b3c8       0x58 CMakeFiles/st7789_pio_lcd_lvgl_sens1.dir/C_/Users/saopa/.pico-sdk/sdk/2.1.1/lib/cyw43-driver/src/cyw43_ll.c.obj
                0x1000b3c8                cyw43_ll_wifi_rejoin
 .text.cyw43_ll_gpio_set
                0x1000b420       0x94 CMakeFiles/st7789_pio_lcd_lvgl_sens1.dir/C_/Users/saopa/.pico-sdk/sdk/2.1.1/lib/cyw43-driver/src/cyw43_ll.c.obj
                0x1000b420                cyw43_ll_gpio_set
 .text.cyw43_ll_has_work
                0x1000b4b4       0x14 CMakeFiles/st7789_pio_lcd_lvgl_sens1.dir/C_/Users/saopa/.pico-sdk/sdk/2.1.1/lib/cyw43-driver/src/cyw43_ll.c.obj
                0x1000b4b4                cyw43_ll_has_work
 .text.cyw43_poll_func
                0x1000b4c8       0xc0 CMakeFiles/st7789_pio_lcd_lvgl_sens1.dir/C_/Users/saopa/.pico-sdk/sdk/2.1.1/lib/cyw43-driver/src/cyw43_ctrl.c.obj
 .text.cyw43_init
                0x1000b588       0x6c CMakeFiles/st7789_pio_lcd_lvgl_sens1.dir/C_/Users/saopa/.pico-sdk/sdk/2.1.1/lib/cyw43-driver/src/cyw43_ctrl.c.obj
                0x1000b588                cyw43_init
 .text.cyw43_deinit
                0x1000b5f4       0x90 CMakeFiles/st7789_pio_lcd_lvgl_sens1.dir/C_/Users/saopa/.pico-sdk/sdk/2.1.1/lib/cyw43-driver/src/cyw43_ctrl.c.obj
                0x1000b5f4                cyw43_deinit
 .text.cyw43_cb_read_host_interrupt_pin
                0x1000b684        0xc CMakeFiles/st7789_pio_lcd_lvgl_sens1.dir/C_/Users/saopa/.pico-sdk/sdk/2.1.1/lib/cyw43-driver/src/cyw43_ctrl.c.obj
                0x1000b684                cyw43_cb_read_host_interrupt_pin
 .text.cyw43_cb_ensure_awake
                0x1000b690        0xc CMakeFiles/st7789_pio_lcd_lvgl_sens1.dir/C_/Users/saopa/.pico-sdk/sdk/2.1.1/lib/cyw43-driver/src/cyw43_ctrl.c.obj
                0x1000b690                cyw43_cb_ensure_awake
 .text.cyw43_cb_process_async_event
                0x1000b69c      0x210 CMakeFiles/st7789_pio_lcd_lvgl_sens1.dir/C_/Users/saopa/.pico-sdk/sdk/2.1.1/lib/cyw43-driver/src/cyw43_ctrl.c.obj
                0x1000b69c                cyw43_cb_process_async_event
 .text.cyw43_gpio_set
                0x1000b8ac       0xa4 CMakeFiles/st7789_pio_lcd_lvgl_sens1.dir/C_/Users/saopa/.pico-sdk/sdk/2.1.1/lib/cyw43-driver/src/cyw43_ctrl.c.obj
                0x1000b8ac                cyw43_gpio_set
 .text.dma_channel_unclaim
                0x1000b950       0x14 CMakeFiles/st7789_pio_lcd_lvgl_sens1.dir/C_/Users/saopa/.pico-sdk/sdk/2.1.1/src/rp2_common/hardware_dma/dma.c.obj
                0x1000b950                dma_channel_unclaim
 .text.dma_claim_unused_channel
                0x1000b964       0x24 CMakeFiles/st7789_pio_lcd_lvgl_sens1.dir/C_/Users/saopa/.pico-sdk/sdk/2.1.1/src/rp2_common/hardware_dma/dma.c.obj
                0x1000b964                dma_claim_unused_channel
 .text.dma_channel_cleanup
                0x1000b988       0x64 CMakeFiles/st7789_pio_lcd_lvgl_sens1.dir/C_/Users/saopa/.pico-sdk/sdk/2.1.1/src/rp2_common/hardware_dma/dma.c.obj
                0x1000b988                dma_channel_cleanup
 .text.cyw43_sleep_timeout_reached
                0x1000b9ec       0x10 CMakeFiles/st7789_pio_lcd_lvgl_sens1.dir/C_/Users/saopa/.pico-sdk/sdk/2.1.1/src/rp2_common/pico_cyw43_driver/cyw43_driver.c.obj
 .text.cyw43_irq_init
                0x1000b9fc       0x28 CMakeFiles/st7789_pio_lcd_lvgl_sens1.dir/C_/Users/saopa/.pico-sdk/sdk/2.1.1/src/rp2_common/pico_cyw43_driver/cyw43_driver.c.obj
                0x1000b9fc                cyw43_irq_init
 .text.cyw43_irq_deinit
                0x1000ba24       0x20 CMakeFiles/st7789_pio_lcd_lvgl_sens1.dir/C_/Users/saopa/.pico-sdk/sdk/2.1.1/src/rp2_common/pico_cyw43_driver/cyw43_driver.c.obj
                0x1000ba24                cyw43_irq_deinit
 .text.cyw43_gpio_irq_handler
                0x1000ba44       0x44 CMakeFiles/st7789_pio_lcd_lvgl_sens1.dir/C_/Users/saopa/.pico-sdk/sdk/2.1.1/src/rp2_common/pico_cyw43_driver/cyw43_driver.c.obj
 .text.cyw43_do_poll
                0x1000ba88       0x6c CMakeFiles/st7789_pio_lcd_lvgl_sens1.dir/C_/Users/saopa/.pico-sdk/sdk/2.1.1/src/rp2_common/pico_cyw43_driver/cyw43_driver.c.obj
 .text.cyw43_post_poll_hook
                0x1000baf4       0x10 CMakeFiles/st7789_pio_lcd_lvgl_sens1.dir/C_/Users/saopa/.pico-sdk/sdk/2.1.1/src/rp2_common/pico_cyw43_driver/cyw43_driver.c.obj
                0x1000baf4                cyw43_post_poll_hook
 .text.cyw43_schedule_internal_poll_dispatch
                0x1000bb04       0x18 CMakeFiles/st7789_pio_lcd_lvgl_sens1.dir/C_/Users/saopa/.pico-sdk/sdk/2.1.1/src/rp2_common/pico_cyw43_driver/cyw43_driver.c.obj
                0x1000bb04                cyw43_schedule_internal_poll_dispatch
 .text.cyw43_driver_init
                0x1000bb1c       0x38 CMakeFiles/st7789_pio_lcd_lvgl_sens1.dir/C_/Users/saopa/.pico-sdk/sdk/2.1.1/src/rp2_common/pico_cyw43_driver/cyw43_driver.c.obj
                0x1000bb1c                cyw43_driver_init
 .text.cyw43_driver_deinit
                0x1000bb54       0x44 CMakeFiles/st7789_pio_lcd_lvgl_sens1.dir/C_/Users/saopa/.pico-sdk/sdk/2.1.1/src/rp2_common/pico_cyw43_driver/cyw43_driver.c.obj
                0x1000bb54                cyw43_driver_deinit
 .text.cyw43_hal_generate_laa_mac
                0x1000bb98       0x28 CMakeFiles/st7789_pio_lcd_lvgl_sens1.dir/C_/Users/saopa/.pico-sdk/sdk/2.1.1/src/rp2_common/pico_cyw43_driver/cyw43_driver.c.obj
                0x1000bb98                cyw43_hal_generate_laa_mac
 .text.cyw43_thread_enter
                0x1000bbc0       0x14 CMakeFiles/st7789_pio_lcd_lvgl_sens1.dir/C_/Users/saopa/.pico-sdk/sdk/2.1.1/src/rp2_common/pico_cyw43_driver/cyw43_driver.c.obj
                0x1000bbc0                cyw43_thread_enter
 .text.cyw43_thread_exit
                0x1000bbd4       0x14 CMakeFiles/st7789_pio_lcd_lvgl_sens1.dir/C_/Users/saopa/.pico-sdk/sdk/2.1.1/src/rp2_common/pico_cyw43_driver/cyw43_driver.c.obj
                0x1000bbd4                cyw43_thread_exit
 .text.cyw43_await_background_or_timeout_us
                0x1000bbe8       0x5c CMakeFiles/st7789_pio_lcd_lvgl_sens1.dir/C_/Users/saopa/.pico-sdk/sdk/2.1.1/src/rp2_common/pico_cyw43_driver/cyw43_driver.c.obj
                0x1000bbe8                cyw43_await_background_or_timeout_us
 .text.cyw43_delay_ms
                0x1000bc44       0x44 CMakeFiles/st7789_pio_lcd_lvgl_sens1.dir/C_/Users/saopa/.pico-sdk/sdk/2.1.1/src/rp2_common/pico_cyw43_driver/cyw43_driver.c.obj
                0x1000bc44                cyw43_delay_ms
 .text.cyw43_cb_tcpip_deinit
                0x1000bc88        0x4 CMakeFiles/st7789_pio_lcd_lvgl_sens1.dir/C_/Users/saopa/.pico-sdk/sdk/2.1.1/src/rp2_common/pico_cyw43_driver/cyw43_driver.c.obj
                0x1000bc88                cyw43_cb_tcpip_deinit
 .text.cyw43_cb_tcpip_set_link_up
                0x1000bc8c        0xc CMakeFiles/st7789_pio_lcd_lvgl_sens1.dir/C_/Users/saopa/.pico-sdk/sdk/2.1.1/src/rp2_common/pico_cyw43_driver/cyw43_driver.c.obj
                0x1000bc8c                cyw43_cb_tcpip_set_link_up
 .text.cyw43_cb_tcpip_set_link_down
                0x1000bc98        0xc CMakeFiles/st7789_pio_lcd_lvgl_sens1.dir/C_/Users/saopa/.pico-sdk/sdk/2.1.1/src/rp2_common/pico_cyw43_driver/cyw43_driver.c.obj
                0x1000bc98                cyw43_cb_tcpip_set_link_down
 .text.cyw43_cb_process_ethernet
                0x1000bca4        0xc CMakeFiles/st7789_pio_lcd_lvgl_sens1.dir/C_/Users/saopa/.pico-sdk/sdk/2.1.1/src/rp2_common/pico_cyw43_driver/cyw43_driver.c.obj
                0x1000bca4                cyw43_cb_process_ethernet
 .text.async_context_threadsafe_background_acquire_lock_blocking
                0x1000bcb0        0xc CMakeFiles/st7789_pio_lcd_lvgl_sens1.dir/777c63895f2c2e5009f0d6caa9306e76/pico_async_context/async_context_threadsafe_background.c.obj
 .text.alarm_handler
                0x1000bcbc       0x20 CMakeFiles/st7789_pio_lcd_lvgl_sens1.dir/777c63895f2c2e5009f0d6caa9306e76/pico_async_context/async_context_threadsafe_background.c.obj
 .text.async_context_threadsafe_background_set_work_pending
                0x1000bcdc       0x1c CMakeFiles/st7789_pio_lcd_lvgl_sens1.dir/777c63895f2c2e5009f0d6caa9306e76/pico_async_context/async_context_threadsafe_background.c.obj
 .text.process_under_lock
                0x1000bcf8       0xcc CMakeFiles/st7789_pio_lcd_lvgl_sens1.dir/777c63895f2c2e5009f0d6caa9306e76/pico_async_context/async_context_threadsafe_background.c.obj
 .text.async_context_threadsafe_background_execute_sync
                0x1000bdc4       0x30 CMakeFiles/st7789_pio_lcd_lvgl_sens1.dir/777c63895f2c2e5009f0d6caa9306e76/pico_async_context/async_context_threadsafe_background.c.obj
                0x1000bdc4                async_context_threadsafe_background_execute_sync
 .text.async_context_threadsafe_background_deinit
                0x1000bdf4       0x54 CMakeFiles/st7789_pio_lcd_lvgl_sens1.dir/777c63895f2c2e5009f0d6caa9306e76/pico_async_context/async_context_threadsafe_background.c.obj
 .text.low_priority_irq_handler
                0x1000be48       0x3c CMakeFiles/st7789_pio_lcd_lvgl_sens1.dir/777c63895f2c2e5009f0d6caa9306e76/pico_async_context/async_context_threadsafe_background.c.obj
 .text.async_context_threadsafe_background_wait_for_work_until
                0x1000be84        0xc CMakeFiles/st7789_pio_lcd_lvgl_sens1.dir/777c63895f2c2e5009f0d6caa9306e76/pico_async_context/async_context_threadsafe_background.c.obj
 .text.async_context_threadsafe_background_wait_until
                0x1000be90       0x1c CMakeFiles/st7789_pio_lcd_lvgl_sens1.dir/777c63895f2c2e5009f0d6caa9306e76/pico_async_context/async_context_threadsafe_background.c.obj
 .text.async_context_threadsafe_background_lock_check
                0x1000beac       0x28 CMakeFiles/st7789_pio_lcd_lvgl_sens1.dir/777c63895f2c2e5009f0d6caa9306e76/pico_async_context/async_context_threadsafe_background.c.obj
 .text.async_context_threadsafe_background_release_lock
                0x1000bed4       0x1c CMakeFiles/st7789_pio_lcd_lvgl_sens1.dir/777c63895f2c2e5009f0d6caa9306e76/pico_async_context/async_context_threadsafe_background.c.obj
 .text.async_context_threadsafe_background_when_pending_worker
                0x1000bef0       0x34 CMakeFiles/st7789_pio_lcd_lvgl_sens1.dir/777c63895f2c2e5009f0d6caa9306e76/pico_async_context/async_context_threadsafe_background.c.obj
 .text.async_context_threadsafe_background_add_when_pending_worker
                0x1000bf24       0x34 CMakeFiles/st7789_pio_lcd_lvgl_sens1.dir/777c63895f2c2e5009f0d6caa9306e76/pico_async_context/async_context_threadsafe_background.c.obj
 .text.async_context_threadsafe_background_remove_at_time_worker
                0x1000bf58       0x34 CMakeFiles/st7789_pio_lcd_lvgl_sens1.dir/777c63895f2c2e5009f0d6caa9306e76/pico_async_context/async_context_threadsafe_background.c.obj
 .text.async_context_threadsafe_background_add_at_time_worker
                0x1000bf8c       0x34 CMakeFiles/st7789_pio_lcd_lvgl_sens1.dir/777c63895f2c2e5009f0d6caa9306e76/pico_async_context/async_context_threadsafe_background.c.obj
 .text.async_context_threadsafe_background_default_config
                0x1000bfc0        0xc CMakeFiles/st7789_pio_lcd_lvgl_sens1.dir/777c63895f2c2e5009f0d6caa9306e76/pico_async_context/async_context_threadsafe_background.c.obj
                0x1000bfc0                async_context_threadsafe_background_default_config
 .text.async_context_threadsafe_background_init
                0x1000bfcc       0x8c CMakeFiles/st7789_pio_lcd_lvgl_sens1.dir/777c63895f2c2e5009f0d6caa9306e76/pico_async_context/async_context_threadsafe_background.c.obj
                0x1000bfcc                async_context_threadsafe_background_init
 .text.async_context_base_add_at_time_worker
                0x1000c058       0x28 CMakeFiles/st7789_pio_lcd_lvgl_sens1.dir/C_/Users/saopa/.pico-sdk/sdk/2.1.1/src/rp2_common/pico_async_context/async_context_base.c.obj
                0x1000c058                async_context_base_add_at_time_worker
 .text.async_context_base_remove_at_time_worker
                0x1000c080       0x24 CMakeFiles/st7789_pio_lcd_lvgl_sens1.dir/C_/Users/saopa/.pico-sdk/sdk/2.1.1/src/rp2_common/pico_async_context/async_context_base.c.obj
                0x1000c080                async_context_base_remove_at_time_worker
 .text.async_context_base_add_when_pending_worker
                0x1000c0a4       0x24 CMakeFiles/st7789_pio_lcd_lvgl_sens1.dir/C_/Users/saopa/.pico-sdk/sdk/2.1.1/src/rp2_common/pico_async_context/async_context_base.c.obj
                0x1000c0a4                async_context_base_add_when_pending_worker
 .text.async_context_base_remove_when_pending_worker
                0x1000c0c8       0x24 CMakeFiles/st7789_pio_lcd_lvgl_sens1.dir/C_/Users/saopa/.pico-sdk/sdk/2.1.1/src/rp2_common/pico_async_context/async_context_base.c.obj
                0x1000c0c8                async_context_base_remove_when_pending_worker
 .text.async_context_base_execute_once
                0x1000c0ec      0x108 CMakeFiles/st7789_pio_lcd_lvgl_sens1.dir/C_/Users/saopa/.pico-sdk/sdk/2.1.1/src/rp2_common/pico_async_context/async_context_base.c.obj
                0x1000c0ec                async_context_base_execute_once
 .text          0x1000c1f4     0x1500 lvgl/lib/liblvgl.a(lv_obj.c.obj)
                0x1000cc98                lv_obj_create
                0x1000ccb8                lv_obj_add_flag
                0x1000ccd0                lv_obj_remove_flag
                0x1000cce8                lv_obj_set_flag
                0x1000cd14                lv_obj_add_state
                0x1000ce3c                lv_obj_remove_state
                0x1000d2c4                lv_obj_set_state
                0x1000d474                lv_obj_has_flag
                0x1000d488                lv_obj_has_flag_any
                0x1000d49c                lv_obj_get_state
                0x1000d4a8                lv_obj_has_state
                0x1000d4bc                lv_obj_get_group
                0x1000d4cc                lv_obj_allocate_spec_attr
                0x1000d500                lv_obj_check_type
                0x1000d514                lv_obj_has_class
                0x1000d530                lv_obj_get_class
                0x1000d534                lv_obj_is_valid
                0x1000d5c8                lv_obj_null_on_delete
                0x1000d5dc                lv_obj_add_screen_load_event
                0x1000d634                lv_obj_add_screen_create_event
                0x1000d68c                lv_obj_add_play_timeline_event
                0x1000d6ec                lv_obj_set_user_data
                0x1000d6f0                lv_obj_get_user_data
 .text          0x1000d6f4      0x2a4 lvgl/lib/liblvgl.a(lv_obj_class.c.obj)
                0x1000d76c                lv_obj_class_create_obj
                0x1000d848                lv_obj_class_init_obj
                0x1000d918                lv_obj_destruct
                0x1000d940                lv_obj_is_editable
                0x1000d96c                lv_obj_is_group_def
 .text          0x1000d998      0xb5c lvgl/lib/liblvgl.a(lv_obj_draw.c.obj)
                0x1000daa0                lv_obj_init_draw_rect_dsc
                0x1000df70                lv_obj_init_draw_label_dsc
                0x1000e074                lv_obj_init_draw_image_dsc
                0x1000e1a4                lv_obj_init_draw_line_dsc
                0x1000e2b0                lv_obj_init_draw_arc_dsc
                0x1000e39c                lv_obj_calculate_ext_draw_size
                0x1000e480                lv_obj_refresh_ext_draw_size
                0x1000e4d0                lv_obj_get_ext_draw_size
                0x1000e4e0                lv_obj_get_layer_type
 .text          0x1000e4f4      0x5a4 lvgl/lib/liblvgl.a(lv_obj_event.c.obj)
                0x1000e624                lv_obj_send_event
                0x1000e798                lv_obj_event_base
                0x1000e7d0                lv_obj_add_event_cb
                0x1000e7f4                lv_obj_get_event_count
                0x1000e810                lv_obj_get_event_dsc
                0x1000e828                lv_obj_remove_event
                0x1000e844                lv_obj_remove_event_dsc
                0x1000e864                lv_obj_remove_event_cb
                0x1000e8bc                lv_obj_remove_event_cb_with_user_data
                0x1000e968                lv_event_get_current_target_obj
                0x1000e970                lv_event_get_target_obj
                0x1000e978                lv_event_get_indev
                0x1000e998                lv_event_get_layer